04-03 15:41:51.189 14554 14554 W doubleloadrepr: Accessing hidden field Landroid/view/View$ListenerInfo;->mOnClickListener:Landroid/view/View$OnClickListener; (greylist, reflection, allowed)
04-03 15:41:51.192 14554 14554 I flipper : flipper: FlipperClient::addPlugin Inspector
04-03 15:41:51.192 14554 14554 I flipper : flipper: FlipperClient::addPlugin React
04-03 15:41:51.192 14554 14554 I flipper : flipper: FlipperClient::addPlugin Databases
04-03 15:41:51.193 14554 14554 I flipper : flipper: FlipperClient::addPlugin Preferences
04-03 15:41:51.194 14554 14554 I flipper : flipper: FlipperClient::addPlugin CrashReporter
04-03 15:41:51.195 14554 14554 I flipper : flipper: FlipperClient::addPlugin Network
04-03 15:41:51.200   305   434 W EmuHWC2 : validate: layer 333 CompositionType 1, fallback
04-03 15:41:51.200 14554 14595 D libEGL  : loaded /vendor/lib/egl/libEGL_emulation.so
04-03 15:41:51.201   305   434 W EmuHWC2 : No layers, exit, buffer 0xf4701b90
04-03 15:41:51.201 14554 14595 D libEGL  : loaded /vendor/lib/egl/libGLESv1_CM_emulation.so
04-03 15:41:51.203 14554 14595 D libEGL  : loaded /vendor/lib/egl/libGLESv2_emulation.so
04-03 15:41:51.216   305   434 W EmuHWC2 : validate: layer 333 CompositionType 1, fallback
04-03 15:41:51.217   305   434 W EmuHWC2 : No layers, exit, buffer 0xf4700690
04-03 15:41:51.230 14554 14554 W doubleloadrepr: Accessing hidden method Landroid/view/View;->computeFitSystemWindows(Landroid/graphics/Rect;Landroid/graphics/Rect;)Z (greylist, reflection, allowed)
04-03 15:41:51.230 14554 14554 W doubleloadrepr: Accessing hidden method Landroid/view/ViewGroup;->makeOptionalFitsSystemWindows()V (greylist, reflection, allowed)
04-03 15:41:51.233   305   434 W EmuHWC2 : validate: layer 333 CompositionType 1, fallback
04-03 15:41:51.234   305   434 W EmuHWC2 : No layers, exit, buffer 0xf4701b90
04-03 15:41:51.250   305   434 W EmuHWC2 : validate: layer 333 CompositionType 1, fallback
04-03 15:41:51.250 14554 14554 W unknown:ReactNative: Packager connection already open, nooping.
04-03 15:41:51.252   305   434 W EmuHWC2 : No layers, exit, buffer 0xf4700690
04-03 15:41:51.257 14554 14593 D HostConnection: HostConnection::get() New Host Connection established 0xea2ed7a0, tid 14593
04-03 15:41:51.261 14554 14593 D HostConnection: HostComposition ext ANDROID_EMU_CHECKSUM_HELPER_v1 ANDROID_EMU_native_sync_v2 ANDROID_EMU_native_sync_v3 ANDROID_EMU_native_sync_v4 ANDROID_EMU_dma_v1 ANDROID_EMU_direct_mem ANDROID_EMU_host_composition_v1 ANDROID_EMU_host_composition_v2 ANDROID_EMU_YUV_Cache ANDROID_EMU_async_unmap_buffer GL_OES_vertex_array_object GL_KHR_texture_compression_astc_ldr ANDROID_EMU_host_side_tracing ANDROID_EMU_async_frame_commands ANDROID_EMU_gles_max_version_2 
04-03 15:41:51.262   176   176 I hwservicemanager: getTransport: Cannot find entry android.hardware.configstore@1.0::ISurfaceFlingerConfigs/default in either framework or device manifest.
04-03 15:41:51.264 14554 14593 W OpenGLRenderer: Failed to choose config with EGL_SWAP_BEHAVIOR_PRESERVED, retrying without...
04-03 15:41:51.267   305   434 W EmuHWC2 : validate: layer 333 CompositionType 1, fallback
04-03 15:41:51.268 14554 14593 D EGL_emulation: eglCreateContext: 0xea2ec850: maj 2 min 0 rcv 2
04-03 15:41:51.302   305   434 W EmuHWC2 : No layers, exit, buffer 0xf4701b90
04-03 15:41:51.305 14554 14593 D EGL_emulation: eglMakeCurrent: 0xea2ec850: ver 2 0 (tinfo 0xea636870) (first time)
04-03 15:41:51.306   305   434 W EmuHWC2 : validate: layer 333 CompositionType 1, fallback
04-03 15:41:51.307   305   434 W EmuHWC2 : No layers, exit, buffer 0xf4700690
04-03 15:41:51.307   304   413 D goldfish-address-space: allocate: Ask for block of size 0x10b3000
04-03 15:41:51.308   304   413 D goldfish-address-space: allocate: ioctl allocate returned offset 0x3fc333000 size 0x10b4000
04-03 15:41:51.317   305   434 W EmuHWC2 : validate: layer 333 CompositionType 1, fallback
04-03 15:41:51.323   176   176 I hwservicemanager: getTransport: Cannot find entry android.hardware.graphics.mapper@4.0::IMapper/default in either framework or device manifest.
04-03 15:41:51.323 14554 14593 I Gralloc4: mapper 4.x is not supported
04-03 15:41:51.323   305   434 W EmuHWC2 : No layers, exit, buffer 0xf4701b90
04-03 15:41:51.323 14554 14593 D HostConnection: createUnique: call
04-03 15:41:51.324 14554 14593 D HostConnection: HostConnection::get() New Host Connection established 0xea2ed1f0, tid 14593
04-03 15:41:51.324 14554 14593 D goldfish-address-space: allocate: Ask for block of size 0x100
04-03 15:41:51.324 14554 14593 D goldfish-address-space: allocate: ioctl allocate returned offset 0x3f81d6000 size 0x2000
04-03 15:41:51.338   305   434 W EmuHWC2 : validate: layer 333 CompositionType 1, fallback
04-03 15:41:51.340   305   434 W EmuHWC2 : No layers, exit, buffer 0xf4700690
04-03 15:41:51.344 14554 14593 D HostConnection: HostComposition ext ANDROID_EMU_CHECKSUM_HELPER_v1 ANDROID_EMU_native_sync_v2 ANDROID_EMU_native_sync_v3 ANDROID_EMU_native_sync_v4 ANDROID_EMU_dma_v1 ANDROID_EMU_direct_mem ANDROID_EMU_host_composition_v1 ANDROID_EMU_host_composition_v2 ANDROID_EMU_YUV_Cache ANDROID_EMU_async_unmap_buffer GL_OES_vertex_array_object GL_KHR_texture_compression_astc_ldr ANDROID_EMU_host_side_tracing ANDROID_EMU_async_frame_commands ANDROID_EMU_gles_max_version_2 
04-03 15:41:51.345   304   413 D goldfish-address-space: allocate: Ask for block of size 0x10b3000
04-03 15:41:51.346   304   413 D goldfish-address-space: allocate: ioctl allocate returned offset 0x3f1781000 size 0x10b4000
04-03 15:41:51.350   305   434 W EmuHWC2 : validate: layer 333 CompositionType 1, fallback
04-03 15:41:51.359   305   434 W EmuHWC2 : No layers, exit, buffer 0xf4701b90
04-03 15:41:51.361   304   304 D goldfish-address-space: allocate: Ask for block of size 0x10b3000
04-03 15:41:51.361   304   304 D goldfish-address-space: allocate: ioctl allocate returned offset 0x3f06cd000 size 0x10b4000
04-03 15:41:51.367   305   434 W EmuHWC2 : validate: layer 333 CompositionType 1, fallback
04-03 15:41:51.375   305   434 W EmuHWC2 : No layers, exit, buffer 0xf4700690
04-03 15:41:51.383   305   434 W EmuHWC2 : validate: layer 333 CompositionType 1, fallback
04-03 15:41:51.392   305   434 W EmuHWC2 : No layers, exit, buffer 0xf4701b90
04-03 15:41:51.397   548   575 D ArtManagerInternalImpl: /data/misc/iorapd/com.doubleloadrepro/1/com.doubleloadrepro.MainActivity/compiled_traces/compiled_trace.pb doesn't exist
04-03 15:41:51.398   548   575 I ActivityTaskManager: Displayed com.doubleloadrepro/.MainActivity: +411ms
04-03 15:41:51.399   548   570 D EventSequenceValidator: Transition from ACTIVITY_LAUNCHED to ACTIVITY_FINISHED
04-03 15:41:51.405   305   434 W EmuHWC2 : validate: layer 334 CompositionType 1, fallback
04-03 15:41:51.407   305   434 W EmuHWC2 : No layers, exit, buffer 0xf4700690
04-03 15:41:51.416   305   434 W EmuHWC2 : validate: layer 334 CompositionType 1, fallback
04-03 15:41:51.418   305   434 W EmuHWC2 : No layers, exit, buffer 0xf4701b90
04-03 15:41:51.433   305   434 W EmuHWC2 : validate: layer 334 CompositionType 1, fallback
04-03 15:41:51.434   305   434 W EmuHWC2 : No layers, exit, buffer 0xf4700690
04-03 15:41:51.439   304   304 D goldfish-address-space: allocate: Ask for block of size 0x82c80
04-03 15:41:51.439   304   304 D goldfish-address-space: allocate: ioctl allocate returned offset 0x3f8b40000 size 0x84000
04-03 15:41:51.442   304   304 D goldfish-address-space: allocate: Ask for block of size 0x82c80
04-03 15:41:51.442   304   304 D goldfish-address-space: allocate: ioctl allocate returned offset 0x3f8026000 size 0x84000
04-03 15:41:51.445   304   304 D goldfish-address-space: allocate: Ask for block of size 0x82c80
04-03 15:41:51.445   304   304 D goldfish-address-space: allocate: ioctl allocate returned offset 0x3f7fa2000 size 0x84000
04-03 15:41:51.450   305   434 W EmuHWC2 : validate: layer 334 CompositionType 1, fallback
04-03 15:41:51.452   305   434 W EmuHWC2 : No layers, exit, buffer 0xf4701b90
04-03 15:41:51.468   305   434 W EmuHWC2 : validate: layer 334 CompositionType 1, fallback
04-03 15:41:51.469   305   434 W EmuHWC2 : No layers, exit, buffer 0xf4700690
04-03 15:41:51.472 14554 14599 D SoLoader: About to load: libhermes.so
04-03 15:41:51.473 14554 14599 D SoLoader: libhermes.so not found on /data/user/0/com.doubleloadrepro/lib-main
04-03 15:41:51.473 14554 14599 D SoLoader: libhermes.so found on /data/app/~~-eWJEwIV0GDEk0dvfq6vfw==/com.doubleloadrepro-f1h9EFYeIs8UxVp-f2FA4g==/lib/x86
04-03 15:41:51.473 14554 14599 D SoLoader: Not resolving dependencies for libhermes.so
04-03 15:41:51.475 14554 14599 D SoLoader: Loaded: libhermes.so
04-03 15:41:51.475 14554 14599 D SoLoader: About to load: libhermes-executor-debug.so
04-03 15:41:51.476 14554 14599 D SoLoader: libhermes-executor-debug.so not found on /data/user/0/com.doubleloadrepro/lib-main
04-03 15:41:51.477 14554 14599 D SoLoader: libhermes-executor-debug.so found on /data/app/~~-eWJEwIV0GDEk0dvfq6vfw==/com.doubleloadrepro-f1h9EFYeIs8UxVp-f2FA4g==/lib/x86
04-03 15:41:51.477 14554 14599 D SoLoader: Not resolving dependencies for libhermes-executor-debug.so
04-03 15:41:51.481 14554 14599 D SoLoader: Loaded: libhermes-executor-debug.so
04-03 15:41:51.490 14554 14599 D SoLoader: About to load: libreactnativejni.so
04-03 15:41:51.490 14554 14599 D SoLoader: libreactnativejni.so not found on /data/user/0/com.doubleloadrepro/lib-main
04-03 15:41:51.490 14554 14599 D SoLoader: libreactnativejni.so found on /data/app/~~-eWJEwIV0GDEk0dvfq6vfw==/com.doubleloadrepro-f1h9EFYeIs8UxVp-f2FA4g==/lib/x86
04-03 15:41:51.490 14554 14599 D SoLoader: Not resolving dependencies for libreactnativejni.so
04-03 15:41:51.491 14554 14599 D SoLoader: Loaded: libreactnativejni.so
04-03 15:41:51.550   326   326 E Layer   : [Surface(name=Task=54)/@0xf95fd7e - animation-leash#0] No local sync point found
04-03 15:41:51.550   326   326 E Layer   : [Surface(name=Task=54)/@0xf95fd7e - animation-leash#0] No local sync point found
04-03 15:41:51.550   326   326 E Layer   : [Surface(name=Task=1)/@0x34aa0d6 - animation-leash#0] No local sync point found
04-03 15:41:51.550   326   326 E Layer   : [Surface(name=Task=1)/@0x34aa0d6 - animation-leash#0] No local sync point found
04-03 15:41:51.582  2568 13215 I PBSessionCacheImpl: Deleted sessionId[11295800900432695] from persistence.
04-03 15:41:51.593  2568  2617 W SearchServiceCore: Abort, client detached.
04-03 15:41:52.538 14554 14600 I ReactNativeJNI: Inspector::Inspector transitioning to initial state RunningDetached
04-03 15:41:52.554 14554 14599 W unknown:ViewManagerPropertyUpdater: Could not find generated setter for class com.facebook.react.views.picker.ReactDialogPickerManager
04-03 15:41:52.556 14554 14599 W unknown:ViewManagerPropertyUpdater: Could not find generated setter for class com.facebook.react.uimanager.LayoutShadowNode
04-03 15:41:52.558 14554 14599 W unknown:ViewManagerPropertyUpdater: Could not find generated setter for class com.facebook.react.views.drawer.ReactDrawerLayoutManager
04-03 15:41:52.559 14554 14599 W unknown:ViewManagerPropertyUpdater: Could not find generated setter for class com.facebook.react.views.picker.ReactDropdownPickerManager
04-03 15:41:52.560 14554 14599 W unknown:ViewManagerPropertyUpdater: Could not find generated setter for class com.facebook.react.views.scroll.ReactHorizontalScrollViewManager
04-03 15:41:52.561 14554 14599 W unknown:ViewManagerPropertyUpdater: Could not find generated setter for class com.facebook.react.views.scroll.ReactHorizontalScrollContainerViewManager
04-03 15:41:52.561 14554 14599 W unknown:ViewManagerPropertyUpdater: Could not find generated setter for class com.facebook.react.views.progressbar.ReactProgressBarViewManager
04-03 15:41:52.562 14554 14599 W unknown:ViewManagerPropertyUpdater: Could not find generated setter for class com.facebook.react.views.progressbar.ProgressBarShadowNode
04-03 15:41:52.563 14554 14599 W unknown:ViewManagerPropertyUpdater: Could not find generated setter for class com.facebook.react.views.scroll.ReactScrollViewManager
04-03 15:41:52.564 14554 14599 W unknown:ViewManagerPropertyUpdater: Could not find generated setter for class com.facebook.react.views.slider.ReactSliderManager
04-03 15:41:52.565 14554 14599 W unknown:ViewManagerPropertyUpdater: Could not find generated setter for class com.facebook.react.views.slider.ReactSliderManager$ReactSliderShadowNode
04-03 15:41:52.565 14554 14599 W unknown:ViewManagerPropertyUpdater: Could not find generated setter for class com.facebook.react.views.switchview.ReactSwitchManager
04-03 15:41:52.568 14554 14599 W unknown:ViewManagerPropertyUpdater: Could not find generated setter for class com.facebook.react.views.switchview.ReactSwitchManager$ReactSwitchShadowNode
04-03 15:41:52.568 14554 14599 W unknown:ViewManagerPropertyUpdater: Could not find generated setter for class com.facebook.react.views.swiperefresh.SwipeRefreshLayoutManager
04-03 15:41:52.569 14554 14599 W unknown:ViewManagerPropertyUpdater: Could not find generated setter for class com.facebook.react.views.text.frescosupport.FrescoBasedReactTextInlineImageViewManager
04-03 15:41:52.569 14554 14599 W unknown:ViewManagerPropertyUpdater: Could not find generated setter for class com.facebook.react.views.text.frescosupport.FrescoBasedReactTextInlineImageShadowNode
04-03 15:41:52.570 14554 14599 W unknown:ViewManagerPropertyUpdater: Could not find generated setter for class com.facebook.react.views.image.ReactImageManager
04-03 15:41:52.571 14554 14599 W unknown:ViewManagerPropertyUpdater: Could not find generated setter for class com.facebook.react.views.modal.ReactModalHostManager
04-03 15:41:52.571 14554 14599 W unknown:ViewManagerPropertyUpdater: Could not find generated setter for class com.facebook.react.views.modal.ModalHostShadowNode
04-03 15:41:52.572 14554 14599 W unknown:ViewManagerPropertyUpdater: Could not find generated setter for class com.facebook.react.views.text.ReactRawTextManager
04-03 15:41:52.572 14554 14599 W unknown:ViewManagerPropertyUpdater: Could not find generated setter for class com.facebook.react.views.text.ReactRawTextShadowNode
04-03 15:41:52.572 14554 14599 W unknown:ViewManagerPropertyUpdater: Could not find generated setter for class com.facebook.react.views.textinput.ReactTextInputManager
04-03 15:41:52.574 14554 14599 W unknown:ViewManagerPropertyUpdater: Could not find generated setter for class com.facebook.react.views.textinput.ReactTextInputShadowNode
04-03 15:41:52.576 14554 14599 W unknown:ViewManagerPropertyUpdater: Could not find generated setter for class com.facebook.react.views.text.ReactTextViewManager
04-03 15:41:52.577 14554 14599 W unknown:ViewManagerPropertyUpdater: Could not find generated setter for class com.facebook.react.views.text.ReactTextShadowNode
04-03 15:41:52.577 14554 14599 W unknown:ViewManagerPropertyUpdater: Could not find generated setter for class com.facebook.react.views.view.ReactViewManager
04-03 15:41:52.578 14554 14599 W unknown:ViewManagerPropertyUpdater: Could not find generated setter for class com.facebook.react.views.text.ReactVirtualTextViewManager
04-03 15:41:52.579 14554 14599 W unknown:ViewManagerPropertyUpdater: Could not find generated setter for class com.facebook.react.views.text.ReactVirtualTextShadowNode
04-03 15:41:52.579 14554 14599 W unknown:ViewManagerPropertyUpdater: Could not find generated setter for class com.facebook.react.views.unimplementedview.ReactUnimplementedViewManager
04-03 15:41:52.579 14554 14599 W unknown:ViewManagerPropertyUpdater: Could not find generated setter for class com.swmansion.gesturehandler.react.RNGestureHandlerRootViewManager
04-03 15:41:52.580 14554 14599 W unknown:ViewManagerPropertyUpdater: Could not find generated setter for class com.swmansion.gesturehandler.react.RNGestureHandlerButtonViewManager
04-03 15:41:52.586 14554 14599 D SoLoader: About to load: libturbomodulejsijni.so
04-03 15:41:52.586 14554 14599 D SoLoader: libturbomodulejsijni.so not found on /data/user/0/com.doubleloadrepro/lib-main
04-03 15:41:52.586 14554 14599 D SoLoader: libturbomodulejsijni.so found on /data/app/~~-eWJEwIV0GDEk0dvfq6vfw==/com.doubleloadrepro-f1h9EFYeIs8UxVp-f2FA4g==/lib/x86
04-03 15:41:52.586 14554 14599 D SoLoader: Not resolving dependencies for libturbomodulejsijni.so
04-03 15:41:52.587 14554 14599 D SoLoader: Loaded: libturbomodulejsijni.so
04-03 15:41:52.592 14554 14554 W unknown:ReactNative: Packager connection already open, nooping.
04-03 15:41:52.593 14554 14601 D SoLoader: About to load: libyoga.so
04-03 15:41:52.594 14554 14601 D SoLoader: libyoga.so not found on /data/user/0/com.doubleloadrepro/lib-main
04-03 15:41:52.594 14554 14601 D SoLoader: libyoga.so found on /data/app/~~-eWJEwIV0GDEk0dvfq6vfw==/com.doubleloadrepro-f1h9EFYeIs8UxVp-f2FA4g==/lib/x86
04-03 15:41:52.594 14554 14601 D SoLoader: Not resolving dependencies for libyoga.so
04-03 15:41:52.594 14554 14601 D SoLoader: Loaded: libyoga.so
04-03 15:41:52.613 14554 14601 I flipper : flipper: FlipperClient::addPlugin Fresco
04-03 15:41:52.652 14554 14600 I ReactNativeJNI: received didPause for reason: 0 in state: RunningDetached
04-03 15:41:52.712 14554 14600 D SoLoader: About to load: libreactnativeblob.so
04-03 15:41:52.712 14554 14600 D SoLoader: libreactnativeblob.so not found on /data/user/0/com.doubleloadrepro/lib-main
04-03 15:41:52.712 14554 14600 D SoLoader: libreactnativeblob.so found on /data/app/~~-eWJEwIV0GDEk0dvfq6vfw==/com.doubleloadrepro-f1h9EFYeIs8UxVp-f2FA4g==/lib/x86
04-03 15:41:52.712 14554 14600 D SoLoader: Not resolving dependencies for libreactnativeblob.so
04-03 15:41:52.713 14554 14600 D SoLoader: Loaded: libreactnativeblob.so
04-03 15:41:52.726 14554 14601 I WebViewFactory: Loading com.google.android.webview version 83.0.4103.106 (code 410410681)
04-03 15:41:52.729 14554 14601 I doubleloadrepr: The ClassLoaderContext is a special shared library.
04-03 15:41:52.729 14554 14601 D nativeloader: classloader namespace configured for unbundled product apk. library_path=/product/app/WebViewGoogle/lib/x86:/product/app/WebViewGoogle/WebViewGoogle.apk!/lib/x86:/product/app/TrichromeLibrary/TrichromeLibrary.apk!/lib/x86:/product/lib:/system/product/lib
04-03 15:41:52.740 14554 14601 I doubleloadrepr: The ClassLoaderContext is a special shared library.
04-03 15:41:52.741 14554 14601 D nativeloader: classloader namespace configured for unbundled product apk. library_path=/product/app/WebViewGoogle/lib/x86:/product/app/WebViewGoogle/WebViewGoogle.apk!/lib/x86:/product/app/TrichromeLibrary/TrichromeLibrary.apk!/lib/x86:/product/lib:/system/product/lib
04-03 15:41:52.758 14554 14601 I cr_LibraryLoader: Loaded native library version number "83.0.4103.106"
04-03 15:41:52.758 14554 14601 I cr_CachingUmaRecorder: Flushed 3 samples from 3 histograms.
04-03 15:41:52.876 14554 14600 I ReactNativeJS: Running "DoubleLoadRepro" with {"rootTag":1}
04-03 15:41:52.969 14554 14554 W doubleloadrepr: Accessing hidden field Landroid/view/View;->mAccessibilityDelegate:Landroid/view/View$AccessibilityDelegate; (greylist, reflection, allowed)
04-03 15:41:53.007   304   304 D goldfish-address-space: allocate: Ask for block of size 0x82c80
04-03 15:41:53.007   304   304 D goldfish-address-space: allocate: ioctl allocate returned offset 0x3f8026000 size 0x84000
04-03 15:41:53.018   304   304 D goldfish-address-space: allocate: Ask for block of size 0x82c80
04-03 15:41:53.018   304   304 D goldfish-address-space: allocate: ioctl allocate returned offset 0x3f7fa2000 size 0x84000
04-03 15:41:53.028   304   304 D goldfish-address-space: allocate: Ask for block of size 0x82c80
04-03 15:41:53.028   304   304 D goldfish-address-space: allocate: ioctl allocate returned offset 0x3f7f1e000 size 0x84000
04-03 15:41:53.055 14172 14239 E unknown:ReactContextBaseJavaModule: Unhandled SoftException
04-03 15:41:53.055 14172 14239 E unknown:ReactContextBaseJavaModule: java.lang.RuntimeException: Catalyst Instance has already disappeared: requested by WebSocketModule
04-03 15:41:53.055 14172 14239 E unknown:ReactContextBaseJavaModule: 	at com.facebook.react.bridge.ReactContextBaseJavaModule.getReactApplicationContextIfActiveOrWarn(ReactContextBaseJavaModule.java:67)
04-03 15:41:53.055 14172 14239 E unknown:ReactContextBaseJavaModule: 	at com.facebook.react.modules.websocket.WebSocketModule.sendEvent(WebSocketModule.java:62)
04-03 15:41:53.055 14172 14239 E unknown:ReactContextBaseJavaModule: 	at com.facebook.react.modules.websocket.WebSocketModule.access$100(WebSocketModule.java:40)
04-03 15:41:53.055 14172 14239 E unknown:ReactContextBaseJavaModule: 	at com.facebook.react.modules.websocket.WebSocketModule$1.onMessage(WebSocketModule.java:190)
04-03 15:41:53.055 14172 14239 E unknown:ReactContextBaseJavaModule: 	at okhttp3.internal.ws.RealWebSocket.onReadMessage(RealWebSocket.kt:333)
04-03 15:41:53.055 14172 14239 E unknown:ReactContextBaseJavaModule: 	at okhttp3.internal.ws.WebSocketReader.readMessageFrame(WebSocketReader.kt:245)
04-03 15:41:53.055 14172 14239 E unknown:ReactContextBaseJavaModule: 	at okhttp3.internal.ws.WebSocketReader.processNextFrame(WebSocketReader.kt:106)
04-03 15:41:53.055 14172 14239 E unknown:ReactContextBaseJavaModule: 	at okhttp3.internal.ws.RealWebSocket.loopReader(RealWebSocket.kt:293)
04-03 15:41:53.055 14172 14239 E unknown:ReactContextBaseJavaModule: 	at okhttp3.internal.ws.RealWebSocket$connect$1.onResponse(RealWebSocket.kt:195)
04-03 15:41:53.055 14172 14239 E unknown:ReactContextBaseJavaModule: 	at okhttp3.internal.connection.RealCall$AsyncCall.run(RealCall.kt:519)
04-03 15:41:53.055 14172 14239 E unknown:ReactContextBaseJavaModule: 	at java.util.concurrent.ThreadPoolExecutor.runWorker(ThreadPoolExecutor.java:1167)
04-03 15:41:53.055 14172 14239 E unknown:ReactContextBaseJavaModule: 	at java.util.concurrent.ThreadPoolExecutor$Worker.run(ThreadPoolExecutor.java:641)
04-03 15:41:53.055 14172 14239 E unknown:ReactContextBaseJavaModule: 	at java.lang.Thread.run(Thread.java:923)
04-03 15:41:53.055 14172 14239 E unknown:ReactContextBaseJavaModule: Unhandled SoftException
04-03 15:41:53.055 14172 14239 E unknown:ReactContextBaseJavaModule: java.lang.RuntimeException: Catalyst Instance has already disappeared: requested by WebSocketModule
04-03 15:41:53.055 14172 14239 E unknown:ReactContextBaseJavaModule: 	at com.facebook.react.bridge.ReactContextBaseJavaModule.getReactApplicationContextIfActiveOrWarn(ReactContextBaseJavaModule.java:67)
04-03 15:41:53.055 14172 14239 E unknown:ReactContextBaseJavaModule: 	at com.facebook.react.modules.websocket.WebSocketModule.sendEvent(WebSocketModule.java:62)
04-03 15:41:53.055 14172 14239 E unknown:ReactContextBaseJavaModule: 	at com.facebook.react.modules.websocket.WebSocketModule.access$100(WebSocketModule.java:40)
04-03 15:41:53.055 14172 14239 E unknown:ReactContextBaseJavaModule: 	at com.facebook.react.modules.websocket.WebSocketModule$1.onMessage(WebSocketModule.java:190)
04-03 15:41:53.055 14172 14239 E unknown:ReactContextBaseJavaModule: 	at okhttp3.internal.ws.RealWebSocket.onReadMessage(RealWebSocket.kt:333)
04-03 15:41:53.055 14172 14239 E unknown:ReactContextBaseJavaModule: 	at okhttp3.internal.ws.WebSocketReader.readMessageFrame(WebSocketReader.kt:245)
04-03 15:41:53.055 14172 14239 E unknown:ReactContextBaseJavaModule: 	at okhttp3.internal.ws.WebSocketReader.processNextFrame(WebSocketReader.kt:106)
04-03 15:41:53.055 14172 14239 E unknown:ReactContextBaseJavaModule: 	at okhttp3.internal.ws.RealWebSocket.loopReader(RealWebSocket.kt:293)
04-03 15:41:53.055 14172 14239 E unknown:ReactContextBaseJavaModule: 	at okhttp3.internal.ws.RealWebSocket$connect$1.onResponse(RealWebSocket.kt:195)
04-03 15:41:53.055 14172 14239 E unknown:ReactContextBaseJavaModule: 	at okhttp3.internal.connection.RealCall$AsyncCall.run(RealCall.kt:519)
04-03 15:41:53.055 14172 14239 E unknown:ReactContextBaseJavaModule: 	at java.util.concurrent.ThreadPoolExecutor.runWorker(ThreadPoolExecutor.java:1167)
04-03 15:41:53.055 14172 14239 E unknown:ReactContextBaseJavaModule: 	at java.util.concurrent.ThreadPoolExecutor$Worker.run(ThreadPoolExecutor.java:641)
04-03 15:41:53.055 14172 14239 E unknown:ReactContextBaseJavaModule: 	at java.lang.Thread.run(Thread.java:923)
04-03 15:41:53.055 14172 14498 E unknown:ReactContextBaseJavaModule: Unhandled SoftException
04-03 15:41:53.055 14172 14498 E unknown:ReactContextBaseJavaModule: java.lang.RuntimeException: Catalyst Instance has already disappeared: requested by WebSocketModule
04-03 15:41:53.055 14172 14498 E unknown:ReactContextBaseJavaModule: 	at com.facebook.react.bridge.ReactContextBaseJavaModule.getReactApplicationContextIfActiveOrWarn(ReactContextBaseJavaModule.java:67)
04-03 15:41:53.055 14172 14498 E unknown:ReactContextBaseJavaModule: 	at com.facebook.react.modules.websocket.WebSocketModule.sendEvent(WebSocketModule.java:62)
04-03 15:41:53.055 14172 14498 E unknown:ReactContextBaseJavaModule: 	at com.facebook.react.modules.websocket.WebSocketModule.access$100(WebSocketModule.java:40)
04-03 15:41:53.055 14172 14498 E unknown:ReactContextBaseJavaModule: 	at com.facebook.react.modules.websocket.WebSocketModule$1.onMessage(WebSocketModule.java:190)
04-03 15:41:53.055 14172 14498 E unknown:ReactContextBaseJavaModule: 	at okhttp3.internal.ws.RealWebSocket.onReadMessage(RealWebSocket.kt:333)
04-03 15:41:53.055 14172 14498 E unknown:ReactContextBaseJavaModule: 	at okhttp3.internal.ws.WebSocketReader.readMessageFrame(WebSocketReader.kt:245)
04-03 15:41:53.055 14172 14498 E unknown:ReactContextBaseJavaModule: 	at okhttp3.internal.ws.WebSocketReader.processNextFrame(WebSocketReader.kt:106)
04-03 15:41:53.055 14172 14498 E unknown:ReactContextBaseJavaModule: 	at okhttp3.internal.ws.RealWebSocket.loopReader(RealWebSocket.kt:293)
04-03 15:41:53.055 14172 14498 E unknown:ReactContextBaseJavaModule: 	at okhttp3.internal.ws.RealWebSocket$connect$1.onResponse(RealWebSocket.kt:195)
04-03 15:41:53.055 14172 14498 E unknown:ReactContextBaseJavaModule: 	at okhttp3.internal.connection.RealCall$AsyncCall.run(RealCall.kt:519)
04-03 15:41:53.055 14172 14498 E unknown:ReactContextBaseJavaModule: 	at java.util.concurrent.ThreadPoolExecutor.runWorker(ThreadPoolExecutor.java:1167)
04-03 15:41:53.055 14172 14498 E unknown:ReactContextBaseJavaModule: 	at java.util.concurrent.ThreadPoolExecutor$Worker.run(ThreadPoolExecutor.java:641)
04-03 15:41:53.055 14172 14498 E unknown:ReactContextBaseJavaModule: 	at java.lang.Thread.run(Thread.java:923)
04-03 15:41:53.055 14172 14239 E unknown:ReactContextBaseJavaModule: Unhandled SoftException
04-03 15:41:53.055 14172 14239 E unknown:ReactContextBaseJavaModule: java.lang.RuntimeException: Catalyst Instance has already disappeared: requested by WebSocketModule
04-03 15:41:53.055 14172 14239 E unknown:ReactContextBaseJavaModule: 	at com.facebook.react.bridge.ReactContextBaseJavaModule.getReactApplicationContextIfActiveOrWarn(ReactContextBaseJavaModule.java:67)
04-03 15:41:53.055 14172 14239 E unknown:ReactContextBaseJavaModule: 	at com.facebook.react.modules.websocket.WebSocketModule.sendEvent(WebSocketModule.java:62)
04-03 15:41:53.055 14172 14239 E unknown:ReactContextBaseJavaModule: 	at com.facebook.react.modules.websocket.WebSocketModule.access$100(WebSocketModule.java:40)
04-03 15:41:53.055 14172 14239 E unknown:ReactContextBaseJavaModule: 	at com.facebook.react.modules.websocket.WebSocketModule$1.onMessage(WebSocketModule.java:190)
04-03 15:41:53.055 14172 14239 E unknown:ReactContextBaseJavaModule: 	at okhttp3.internal.ws.RealWebSocket.onReadMessage(RealWebSocket.kt:333)
04-03 15:41:53.055 14172 14239 E unknown:ReactContextBaseJavaModule: 	at okhttp3.internal.ws.WebSocketReader.readMessageFrame(WebSocketReader.kt:245)
04-03 15:41:53.055 14172 14239 E unknown:ReactContextBaseJavaModule: 	at okhttp3.internal.ws.WebSocketReader.processNextFrame(WebSocketReader.kt:106)
04-03 15:41:53.055 14172 14239 E unknown:ReactContextBaseJavaModule: 	at okhttp3.internal.ws.RealWebSocket.loopReader(RealWebSocket.kt:293)
04-03 15:41:53.055 14172 14239 E unknown:ReactContextBaseJavaModule: 	at okhttp3.internal.ws.RealWebSocket$connect$1.onResponse(RealWebSocket.kt:195)
04-03 15:41:53.055 14172 14239 E unknown:ReactContextBaseJavaModule: 	at okhttp3.internal.connection.RealCall$AsyncCall.run(RealCall.kt:519)
04-03 15:41:53.055 14172 14239 E unknown:ReactContextBaseJavaModule: 	at java.util.concurrent.ThreadPoolExecutor.runWorker(ThreadPoolExecutor.java:1167)
04-03 15:41:53.055 14172 14239 E unknown:ReactContextBaseJavaModule: 	at java.util.concurrent.ThreadPoolExecutor$Worker.run(ThreadPoolExecutor.java:641)
04-03 15:41:53.055 14172 14239 E unknown:ReactContextBaseJavaModule: 	at java.lang.Thread.run(Thread.java:923)
04-03 15:41:53.055 14172 14498 E unknown:ReactContextBaseJavaModule: Unhandled SoftException
04-03 15:41:53.055 14172 14498 E unknown:ReactContextBaseJavaModule: java.lang.RuntimeException: Catalyst Instance has already disappeared: requested by WebSocketModule
04-03 15:41:53.055 14172 14498 E unknown:ReactContextBaseJavaModule: 	at com.facebook.react.bridge.ReactContextBaseJavaModule.getReactApplicationContextIfActiveOrWarn(ReactContextBaseJavaModule.java:67)
04-03 15:41:53.055 14172 14498 E unknown:ReactContextBaseJavaModule: 	at com.facebook.react.modules.websocket.WebSocketModule.sendEvent(WebSocketModule.java:62)
04-03 15:41:53.055 14172 14498 E unknown:ReactContextBaseJavaModule: 	at com.facebook.react.modules.websocket.WebSocketModule.access$100(WebSocketModule.java:40)
04-03 15:41:53.055 14172 14498 E unknown:ReactContextBaseJavaModule: 	at com.facebook.react.modules.websocket.WebSocketModule$1.onMessage(WebSocketModule.java:190)
04-03 15:41:53.055 14172 14498 E unknown:ReactContextBaseJavaModule: 	at okhttp3.internal.ws.RealWebSocket.onReadMessage(RealWebSocket.kt:333)
04-03 15:41:53.055 14172 14498 E unknown:ReactContextBaseJavaModule: 	at okhttp3.internal.ws.WebSocketReader.readMessageFrame(WebSocketReader.kt:245)
04-03 15:41:53.055 14172 14498 E unknown:ReactContextBaseJavaModule: 	at okhttp3.internal.ws.WebSocketReader.processNextFrame(WebSocketReader.kt:106)
04-03 15:41:53.055 14172 14498 E unknown:ReactContextBaseJavaModule: 	at okhttp3.internal.ws.RealWebSocket.loopReader(RealWebSocket.kt:293)
04-03 15:41:53.055 14172 14498 E unknown:ReactContextBaseJavaModule: 	at okhttp3.internal.ws.RealWebSocket$connect$1.onResponse(RealWebSocket.kt:195)
04-03 15:41:53.055 14172 14498 E unknown:ReactContextBaseJavaModule: 	at okhttp3.internal.connection.RealCall$AsyncCall.run(RealCall.kt:519)
04-03 15:41:53.055 14172 14498 E unknown:ReactContextBaseJavaModule: 	at java.util.concurrent.ThreadPoolExecutor.runWorker(ThreadPoolExecutor.java:1167)
04-03 15:41:53.055 14172 14498 E unknown:ReactContextBaseJavaModule: 	at java.util.concurrent.ThreadPoolExecutor$Worker.run(ThreadPoolExecutor.java:641)
04-03 15:41:53.055 14172 14498 E unknown:ReactContextBaseJavaModule: 	at java.lang.Thread.run(Thread.java:923)
04-03 15:41:53.056 14172 14254 E unknown:ReactContextBaseJavaModule: Unhandled SoftException
04-03 15:41:53.056 14172 14254 E unknown:ReactContextBaseJavaModule: java.lang.RuntimeException: Catalyst Instance has already disappeared: requested by WebSocketModule
04-03 15:41:53.056 14172 14254 E unknown:ReactContextBaseJavaModule: 	at com.facebook.react.bridge.ReactContextBaseJavaModule.getReactApplicationContextIfActiveOrWarn(ReactContextBaseJavaModule.java:67)
04-03 15:41:53.056 14172 14254 E unknown:ReactContextBaseJavaModule: 	at com.facebook.react.modules.websocket.WebSocketModule.sendEvent(WebSocketModule.java:62)
04-03 15:41:53.056 14172 14254 E unknown:ReactContextBaseJavaModule: 	at com.facebook.react.modules.websocket.WebSocketModule.access$100(WebSocketModule.java:40)
04-03 15:41:53.056 14172 14254 E unknown:ReactContextBaseJavaModule: 	at com.facebook.react.modules.websocket.WebSocketModule$1.onMessage(WebSocketModule.java:190)
04-03 15:41:53.056 14172 14254 E unknown:ReactContextBaseJavaModule: 	at okhttp3.internal.ws.RealWebSocket.onReadMessage(RealWebSocket.kt:333)
04-03 15:41:53.056 14172 14254 E unknown:ReactContextBaseJavaModule: 	at okhttp3.internal.ws.WebSocketReader.readMessageFrame(WebSocketReader.kt:245)
04-03 15:41:53.056 14172 14254 E unknown:ReactContextBaseJavaModule: 	at okhttp3.internal.ws.WebSocketReader.processNextFrame(WebSocketReader.kt:106)
04-03 15:41:53.056 14172 14254 E unknown:ReactContextBaseJavaModule: 	at okhttp3.internal.ws.RealWebSocket.loopReader(RealWebSocket.kt:293)
04-03 15:41:53.056 14172 14254 E unknown:ReactContextBaseJavaModule: 	at okhttp3.internal.ws.RealWebSocket$connect$1.onResponse(RealWebSocket.kt:195)
04-03 15:41:53.056 14172 14254 E unknown:ReactContextBaseJavaModule: 	at okhttp3.internal.connection.RealCall$AsyncCall.run(RealCall.kt:519)
04-03 15:41:53.056 14172 14254 E unknown:ReactContextBaseJavaModule: 	at java.util.concurrent.ThreadPoolExecutor.runWorker(ThreadPoolExecutor.java:1167)
04-03 15:41:53.056 14172 14254 E unknown:ReactContextBaseJavaModule: 	at java.util.concurrent.ThreadPoolExecutor$Worker.run(ThreadPoolExecutor.java:641)
04-03 15:41:53.056 14172 14254 E unknown:ReactContextBaseJavaModule: 	at java.lang.Thread.run(Thread.java:923)
04-03 15:41:53.056 14172 14498 E unknown:ReactContextBaseJavaModule: Unhandled SoftException
04-03 15:41:53.056 14172 14498 E unknown:ReactContextBaseJavaModule: java.lang.RuntimeException: Catalyst Instance has already disappeared: requested by WebSocketModule
04-03 15:41:53.056 14172 14498 E unknown:ReactContextBaseJavaModule: 	at com.facebook.react.bridge.ReactContextBaseJavaModule.getReactApplicationContextIfActiveOrWarn(ReactContextBaseJavaModule.java:67)
04-03 15:41:53.056 14172 14498 E unknown:ReactContextBaseJavaModule: 	at com.facebook.react.modules.websocket.WebSocketModule.sendEvent(WebSocketModule.java:62)
04-03 15:41:53.056 14172 14498 E unknown:ReactContextBaseJavaModule: 	at com.facebook.react.modules.websocket.WebSocketModule.access$100(WebSocketModule.java:40)
04-03 15:41:53.056 14172 14498 E unknown:ReactContextBaseJavaModule: 	at com.facebook.react.modules.websocket.WebSocketModule$1.onMessage(WebSocketModule.java:190)
04-03 15:41:53.056 14172 14498 E unknown:ReactContextBaseJavaModule: 	at okhttp3.internal.ws.RealWebSocket.onReadMessage(RealWebSocket.kt:333)
04-03 15:41:53.056 14172 14498 E unknown:ReactContextBaseJavaModule: 	at okhttp3.internal.ws.WebSocketReader.readMessageFrame(WebSocketReader.kt:245)
04-03 15:41:53.056 14172 14498 E unknown:ReactContextBaseJavaModule: 	at okhttp3.internal.ws.WebSocketReader.processNextFrame(WebSocketReader.kt:106)
04-03 15:41:53.056 14172 14498 E unknown:ReactContextBaseJavaModule: 	at okhttp3.internal.ws.RealWebSocket.loopReader(RealWebSocket.kt:293)
04-03 15:41:53.056 14172 14498 E unknown:ReactContextBaseJavaModule: 	at okhttp3.internal.ws.RealWebSocket$connect$1.onResponse(RealWebSocket.kt:195)
04-03 15:41:53.056 14172 14498 E unknown:ReactContextBaseJavaModule: 	at okhttp3.internal.connection.RealCall$AsyncCall.run(RealCall.kt:519)
04-03 15:41:53.056 14172 14498 E unknown:ReactContextBaseJavaModule: 	at java.util.concurrent.ThreadPoolExecutor.runWorker(ThreadPoolExecutor.java:1167)
04-03 15:41:53.056 14172 14498 E unknown:ReactContextBaseJavaModule: 	at java.util.concurrent.ThreadPoolExecutor$Worker.run(ThreadPoolExecutor.java:641)
04-03 15:41:53.056 14172 14498 E unknown:ReactContextBaseJavaModule: 	at java.lang.Thread.run(Thread.java:923)
04-03 15:41:53.056 14172 14254 E unknown:ReactContextBaseJavaModule: Unhandled SoftException
04-03 15:41:53.056 14172 14254 E unknown:ReactContextBaseJavaModule: java.lang.RuntimeException: Catalyst Instance has already disappeared: requested by WebSocketModule
04-03 15:41:53.056 14172 14254 E unknown:ReactContextBaseJavaModule: 	at com.facebook.react.bridge.ReactContextBaseJavaModule.getReactApplicationContextIfActiveOrWarn(ReactContextBaseJavaModule.java:67)
04-03 15:41:53.056 14172 14254 E unknown:ReactContextBaseJavaModule: 	at com.facebook.react.modules.websocket.WebSocketModule.sendEvent(WebSocketModule.java:62)
04-03 15:41:53.056 14172 14254 E unknown:ReactContextBaseJavaModule: 	at com.facebook.react.modules.websocket.WebSocketModule.access$100(WebSocketModule.java:40)
04-03 15:41:53.056 14172 14254 E unknown:ReactContextBaseJavaModule: 	at com.facebook.react.modules.websocket.WebSocketModule$1.onMessage(WebSocketModule.java:190)
04-03 15:41:53.056 14172 14254 E unknown:ReactContextBaseJavaModule: 	at okhttp3.internal.ws.RealWebSocket.onReadMessage(RealWebSocket.kt:333)
04-03 15:41:53.056 14172 14254 E unknown:ReactContextBaseJavaModule: 	at okhttp3.internal.ws.WebSocketReader.readMessageFrame(WebSocketReader.kt:245)
04-03 15:41:53.056 14172 14254 E unknown:ReactContextBaseJavaModule: 	at okhttp3.internal.ws.WebSocketReader.processNextFrame(WebSocketReader.kt:106)
04-03 15:41:53.056 14172 14254 E unknown:ReactContextBaseJavaModule: 	at okhttp3.internal.ws.RealWebSocket.loopReader(RealWebSocket.kt:293)
04-03 15:41:53.056 14172 14254 E unknown:ReactContextBaseJavaModule: 	at okhttp3.internal.ws.RealWebSocket$connect$1.onResponse(RealWebSocket.kt:195)
04-03 15:41:53.056 14172 14254 E unknown:ReactContextBaseJavaModule: 	at okhttp3.internal.connection.RealCall$AsyncCall.run(RealCall.kt:519)
04-03 15:41:53.056 14172 14254 E unknown:ReactContextBaseJavaModule: 	at java.util.concurrent.ThreadPoolExecutor.runWorker(ThreadPoolExecutor.java:1167)
04-03 15:41:53.056 14172 14254 E unknown:ReactContextBaseJavaModule: 	at java.util.concurrent.ThreadPoolExecutor$Worker.run(ThreadPoolExecutor.java:641)
04-03 15:41:53.056 14172 14254 E unknown:ReactContextBaseJavaModule: 	at java.lang.Thread.run(Thread.java:923)
04-03 15:41:53.056 14172 14254 E unknown:ReactContextBaseJavaModule: Unhandled SoftException
04-03 15:41:53.056 14172 14254 E unknown:ReactContextBaseJavaModule: java.lang.RuntimeException: Catalyst Instance has already disappeared: requested by WebSocketModule
04-03 15:41:53.056 14172 14254 E unknown:ReactContextBaseJavaModule: 	at com.facebook.react.bridge.ReactContextBaseJavaModule.getReactApplicationContextIfActiveOrWarn(ReactContextBaseJavaModule.java:67)
04-03 15:41:53.056 14172 14254 E unknown:ReactContextBaseJavaModule: 	at com.facebook.react.modules.websocket.WebSocketModule.sendEvent(WebSocketModule.java:62)
04-03 15:41:53.056 14172 14254 E unknown:ReactContextBaseJavaModule: 	at com.facebook.react.modules.websocket.WebSocketModule.access$100(WebSocketModule.java:40)
04-03 15:41:53.056 14172 14254 E unknown:ReactContextBaseJavaModule: 	at com.facebook.react.modules.websocket.WebSocketModule$1.onMessage(WebSocketModule.java:190)
04-03 15:41:53.056 14172 14254 E unknown:ReactContextBaseJavaModule: 	at okhttp3.internal.ws.RealWebSocket.onReadMessage(RealWebSocket.kt:333)
04-03 15:41:53.056 14172 14254 E unknown:ReactContextBaseJavaModule: 	at okhttp3.internal.ws.WebSocketReader.readMessageFrame(WebSocketReader.kt:245)
04-03 15:41:53.056 14172 14254 E unknown:ReactContextBaseJavaModule: 	at okhttp3.internal.ws.WebSocketReader.processNextFrame(WebSocketReader.kt:106)
04-03 15:41:53.056 14172 14254 E unknown:ReactContextBaseJavaModule: 	at okhttp3.internal.ws.RealWebSocket.loopReader(RealWebSocket.kt:293)
04-03 15:41:53.056 14172 14254 E unknown:ReactContextBaseJavaModule: 	at okhttp3.internal.ws.RealWebSocket$connect$1.onResponse(RealWebSocket.kt:195)
04-03 15:41:53.056 14172 14254 E unknown:ReactContextBaseJavaModule: 	at okhttp3.internal.connection.RealCall$AsyncCall.run(RealCall.kt:519)
04-03 15:41:53.056 14172 14254 E unknown:ReactContextBaseJavaModule: 	at java.util.concurrent.ThreadPoolExecutor.runWorker(ThreadPoolExecutor.java:1167)
04-03 15:41:53.056 14172 14254 E unknown:ReactContextBaseJavaModule: 	at java.util.concurrent.ThreadPoolExecutor$Worker.run(ThreadPoolExecutor.java:641)
04-03 15:41:53.056 14172 14254 E unknown:ReactContextBaseJavaModule: 	at java.lang.Thread.run(Thread.java:923)
04-03 15:41:53.056 14172 14384 E unknown:ReactContextBaseJavaModule: Unhandled SoftException
04-03 15:41:53.056 14172 14384 E unknown:ReactContextBaseJavaModule: java.lang.RuntimeException: Catalyst Instance has already disappeared: requested by WebSocketModule
04-03 15:41:53.056 14172 14384 E unknown:ReactContextBaseJavaModule: 	at com.facebook.react.bridge.ReactContextBaseJavaModule.getReactApplicationContextIfActiveOrWarn(ReactContextBaseJavaModule.java:67)
04-03 15:41:53.056 14172 14384 E unknown:ReactContextBaseJavaModule: 	at com.facebook.react.modules.websocket.WebSocketModule.sendEvent(WebSocketModule.java:62)
04-03 15:41:53.056 14172 14384 E unknown:ReactContextBaseJavaModule: 	at com.facebook.react.modules.websocket.WebSocketModule.access$100(WebSocketModule.java:40)
04-03 15:41:53.056 14172 14384 E unknown:ReactContextBaseJavaModule: 	at com.facebook.react.modules.websocket.WebSocketModule$1.onMessage(WebSocketModule.java:190)
04-03 15:41:53.056 14172 14384 E unknown:ReactContextBaseJavaModule: 	at okhttp3.internal.ws.RealWebSocket.onReadMessage(RealWebSocket.kt:333)
04-03 15:41:53.056 14172 14384 E unknown:ReactContextBaseJavaModule: 	at okhttp3.internal.ws.WebSocketReader.readMessageFrame(WebSocketReader.kt:245)
04-03 15:41:53.056 14172 14384 E unknown:ReactContextBaseJavaModule: 	at okhttp3.internal.ws.WebSocketReader.processNextFrame(WebSocketReader.kt:106)
04-03 15:41:53.056 14172 14384 E unknown:ReactContextBaseJavaModule: 	at okhttp3.internal.ws.RealWebSocket.loopReader(RealWebSocket.kt:293)
04-03 15:41:53.056 14172 14384 E unknown:ReactContextBaseJavaModule: 	at okhttp3.internal.ws.RealWebSocket$connect$1.onResponse(RealWebSocket.kt:195)
04-03 15:41:53.056 14172 14384 E unknown:ReactContextBaseJavaModule: 	at okhttp3.internal.connection.RealCall$AsyncCall.run(RealCall.kt:519)
04-03 15:41:53.056 14172 14384 E unknown:ReactContextBaseJavaModule: 	at java.util.concurrent.ThreadPoolExecutor.runWorker(ThreadPoolExecutor.java:1167)
04-03 15:41:53.056 14172 14384 E unknown:ReactContextBaseJavaModule: 	at java.util.concurrent.ThreadPoolExecutor$Worker.run(ThreadPoolExecutor.java:641)
04-03 15:41:53.056 14172 14384 E unknown:ReactContextBaseJavaModule: 	at java.lang.Thread.run(Thread.java:923)
04-03 15:41:53.057 14172 14384 I chatty  : uid=10163(com.know.know) identical 1 line
04-03 15:41:53.057 14172 14384 E unknown:ReactContextBaseJavaModule: Unhandled SoftException
04-03 15:41:53.057 14172 14384 E unknown:ReactContextBaseJavaModule: java.lang.RuntimeException: Catalyst Instance has already disappeared: requested by WebSocketModule
04-03 15:41:53.057 14172 14384 E unknown:ReactContextBaseJavaModule: 	at com.facebook.react.bridge.ReactContextBaseJavaModule.getReactApplicationContextIfActiveOrWarn(ReactContextBaseJavaModule.java:67)
04-03 15:41:53.057 14172 14384 E unknown:ReactContextBaseJavaModule: 	at com.facebook.react.modules.websocket.WebSocketModule.sendEvent(WebSocketModule.java:62)
04-03 15:41:53.057 14172 14384 E unknown:ReactContextBaseJavaModule: 	at com.facebook.react.modules.websocket.WebSocketModule.access$100(WebSocketModule.java:40)
04-03 15:41:53.057 14172 14384 E unknown:ReactContextBaseJavaModule: 	at com.facebook.react.modules.websocket.WebSocketModule$1.onMessage(WebSocketModule.java:190)
04-03 15:41:53.057 14172 14384 E unknown:ReactContextBaseJavaModule: 	at okhttp3.internal.ws.RealWebSocket.onReadMessage(RealWebSocket.kt:333)
04-03 15:41:53.057 14172 14384 E unknown:ReactContextBaseJavaModule: 	at okhttp3.internal.ws.WebSocketReader.readMessageFrame(WebSocketReader.kt:245)
04-03 15:41:53.057 14172 14384 E unknown:ReactContextBaseJavaModule: 	at okhttp3.internal.ws.WebSocketReader.processNextFrame(WebSocketReader.kt:106)
04-03 15:41:53.057 14172 14384 E unknown:ReactContextBaseJavaModule: 	at okhttp3.internal.ws.RealWebSocket.loopReader(RealWebSocket.kt:293)
04-03 15:41:53.057 14172 14384 E unknown:ReactContextBaseJavaModule: 	at okhttp3.internal.ws.RealWebSocket$connect$1.onResponse(RealWebSocket.kt:195)
04-03 15:41:53.057 14172 14384 E unknown:ReactContextBaseJavaModule: 	at okhttp3.internal.connection.RealCall$AsyncCall.run(RealCall.kt:519)
04-03 15:41:53.057 14172 14384 E unknown:ReactContextBaseJavaModule: 	at java.util.concurrent.ThreadPoolExecutor.runWorker(ThreadPoolExecutor.java:1167)
04-03 15:41:53.057 14172 14384 E unknown:ReactContextBaseJavaModule: 	at java.util.concurrent.ThreadPoolExecutor$Worker.run(ThreadPoolExecutor.java:641)
04-03 15:41:53.057 14172 14384 E unknown:ReactContextBaseJavaModule: 	at java.lang.Thread.run(Thread.java:923)
04-03 15:41:53.057 14172 14474 E unknown:ReactContextBaseJavaModule: Unhandled SoftException
04-03 15:41:53.057 14172 14474 E unknown:ReactContextBaseJavaModule: java.lang.RuntimeException: Catalyst Instance has already disappeared: requested by WebSocketModule
04-03 15:41:53.057 14172 14474 E unknown:ReactContextBaseJavaModule: 	at com.facebook.react.bridge.ReactContextBaseJavaModule.getReactApplicationContextIfActiveOrWarn(ReactContextBaseJavaModule.java:67)
04-03 15:41:53.057 14172 14474 E unknown:ReactContextBaseJavaModule: 	at com.facebook.react.modules.websocket.WebSocketModule.sendEvent(WebSocketModule.java:62)
04-03 15:41:53.057 14172 14474 E unknown:ReactContextBaseJavaModule: 	at com.facebook.react.modules.websocket.WebSocketModule.access$100(WebSocketModule.java:40)
04-03 15:41:53.057 14172 14474 E unknown:ReactContextBaseJavaModule: 	at com.facebook.react.modules.websocket.WebSocketModule$1.onMessage(WebSocketModule.java:190)
04-03 15:41:53.057 14172 14474 E unknown:ReactContextBaseJavaModule: 	at okhttp3.internal.ws.RealWebSocket.onReadMessage(RealWebSocket.kt:333)
04-03 15:41:53.057 14172 14474 E unknown:ReactContextBaseJavaModule: 	at okhttp3.internal.ws.WebSocketReader.readMessageFrame(WebSocketReader.kt:245)
04-03 15:41:53.057 14172 14474 E unknown:ReactContextBaseJavaModule: 	at okhttp3.internal.ws.WebSocketReader.processNextFrame(WebSocketReader.kt:106)
04-03 15:41:53.057 14172 14474 E unknown:ReactContextBaseJavaModule: 	at okhttp3.internal.ws.RealWebSocket.loopReader(RealWebSocket.kt:293)
04-03 15:41:53.057 14172 14474 E unknown:ReactContextBaseJavaModule: 	at okhttp3.internal.ws.RealWebSocket$connect$1.onResponse(RealWebSocket.kt:195)
04-03 15:41:53.057 14172 14474 E unknown:ReactContextBaseJavaModule: 	at okhttp3.internal.connection.RealCall$AsyncCall.run(RealCall.kt:519)
04-03 15:41:53.057 14172 14474 E unknown:ReactContextBaseJavaModule: 	at java.util.concurrent.ThreadPoolExecutor.runWorker(ThreadPoolExecutor.java:1167)
04-03 15:41:53.057 14172 14474 E unknown:ReactContextBaseJavaModule: 	at java.util.concurrent.ThreadPoolExecutor$Worker.run(ThreadPoolExecutor.java:641)
04-03 15:41:53.057 14172 14474 E unknown:ReactContextBaseJavaModule: 	at java.lang.Thread.run(Thread.java:923)
04-03 15:41:53.057 14172 14426 E unknown:ReactContextBaseJavaModule: Unhandled SoftException
04-03 15:41:53.057 14172 14426 E unknown:ReactContextBaseJavaModule: java.lang.RuntimeException: Catalyst Instance has already disappeared: requested by WebSocketModule
04-03 15:41:53.057 14172 14426 E unknown:ReactContextBaseJavaModule: 	at com.facebook.react.bridge.ReactContextBaseJavaModule.getReactApplicationContextIfActiveOrWarn(ReactContextBaseJavaModule.java:67)
04-03 15:41:53.057 14172 14426 E unknown:ReactContextBaseJavaModule: 	at com.facebook.react.modules.websocket.WebSocketModule.sendEvent(WebSocketModule.java:62)
04-03 15:41:53.057 14172 14426 E unknown:ReactContextBaseJavaModule: 	at com.facebook.react.modules.websocket.WebSocketModule.access$100(WebSocketModule.java:40)
04-03 15:41:53.057 14172 14426 E unknown:ReactContextBaseJavaModule: 	at com.facebook.react.modules.websocket.WebSocketModule$1.onMessage(WebSocketModule.java:190)
04-03 15:41:53.057 14172 14426 E unknown:ReactContextBaseJavaModule: 	at okhttp3.internal.ws.RealWebSocket.onReadMessage(RealWebSocket.kt:333)
04-03 15:41:53.057 14172 14426 E unknown:ReactContextBaseJavaModule: 	at okhttp3.internal.ws.WebSocketReader.readMessageFrame(WebSocketReader.kt:245)
04-03 15:41:53.057 14172 14426 E unknown:ReactContextBaseJavaModule: 	at okhttp3.internal.ws.WebSocketReader.processNextFrame(WebSocketReader.kt:106)
04-03 15:41:53.057 14172 14426 E unknown:ReactContextBaseJavaModule: 	at okhttp3.internal.ws.RealWebSocket.loopReader(RealWebSocket.kt:293)
04-03 15:41:53.057 14172 14426 E unknown:ReactContextBaseJavaModule: 	at okhttp3.internal.ws.RealWebSocket$connect$1.onResponse(RealWebSocket.kt:195)
04-03 15:41:53.057 14172 14426 E unknown:ReactContextBaseJavaModule: 	at okhttp3.internal.connection.RealCall$AsyncCall.run(RealCall.kt:519)
04-03 15:41:53.057 14172 14426 E unknown:ReactContextBaseJavaModule: 	at java.util.concurrent.ThreadPoolExecutor.runWorker(ThreadPoolExecutor.java:1167)
04-03 15:41:53.057 14172 14426 E unknown:ReactContextBaseJavaModule: 	at java.util.concurrent.ThreadPoolExecutor$Worker.run(ThreadPoolExecutor.java:641)
04-03 15:41:53.057 14172 14426 E unknown:ReactContextBaseJavaModule: 	at java.lang.Thread.run(Thread.java:923)
04-03 15:41:53.058 14172 14474 E unknown:ReactContextBaseJavaModule: Unhandled SoftException
04-03 15:41:53.058 14172 14474 E unknown:ReactContextBaseJavaModule: java.lang.RuntimeException: Catalyst Instance has already disappeared: requested by WebSocketModule
04-03 15:41:53.058 14172 14474 E unknown:ReactContextBaseJavaModule: 	at com.facebook.react.bridge.ReactContextBaseJavaModule.getReactApplicationContextIfActiveOrWarn(ReactContextBaseJavaModule.java:67)
04-03 15:41:53.058 14172 14474 E unknown:ReactContextBaseJavaModule: 	at com.facebook.react.modules.websocket.WebSocketModule.sendEvent(WebSocketModule.java:62)
04-03 15:41:53.058 14172 14474 E unknown:ReactContextBaseJavaModule: 	at com.facebook.react.modules.websocket.WebSocketModule.access$100(WebSocketModule.java:40)
04-03 15:41:53.058 14172 14474 E unknown:ReactContextBaseJavaModule: 	at com.facebook.react.modules.websocket.WebSocketModule$1.onMessage(WebSocketModule.java:190)
