--------- beginning of main
04-03 15:40:26.206  1042  1042 D TaplEvents: Main / Touch event: MotionEvent { action=ACTION_DOWN, actionButton=0, id[0]=0, x[0]=1008.9404, y[0]=1678.9209, toolType[0]=TOOL_TYPE_FINGER, buttonState=0, classification=NONE, metaState=0, flags=0x1, edgeFlags=0x0, pointerCount=1, historySize=0, eventTime=4563530, downTime=4563530, deviceId=9, source=0x1002, displayId=0 }
04-03 15:40:26.247  1042  1042 D TaplEvents: Main / Touch event: MotionEvent { action=ACTION_UP, actionButton=0, id[0]=0, x[0]=1008.9404, y[0]=1678.9209, toolType[0]=TOOL_TYPE_FINGER, buttonState=0, classification=NONE, metaState=0, flags=0x1, edgeFlags=0x0, pointerCount=1, historySize=0, eventTime=4563572, downTime=4563530, deviceId=9, source=0x1002, displayId=0 }
04-03 15:40:26.248  1042  1042 D TaplEvents: Main / startActivityFromRecentsAsync: [id=53 windowingMode=1 user=0 lastActiveTime=4531786] null
04-03 15:40:26.249   548  6612 I system_server: oneway function results will be dropped but finished with status OK and parcel size 4
04-03 15:40:26.250   548  6612 I system_server: oneway function results will be dropped but finished with status OK and parcel size 4
04-03 15:40:26.250   548   570 D EventSequenceValidator: Transition from ACTIVITY_FINISHED to INTENT_STARTED
04-03 15:40:26.252   355   355 I perfetto: ing_service_impl.cc:758 Configured tracing session 85, #sources:1, duration:5000 ms, #buffers:1, total buffer size:4096 KB, total sessions:1, uid:1071 session name: ""
04-03 15:40:26.252   353   353 I perfetto: probes_producer.cc:230  Ftrace setup (target_buf=85)
--------- beginning of system
04-03 15:40:26.255   548   548 W ActivityManager: Unable to start service Intent { act=android.service.appprediction.AppPredictionService cmp=com.google.android.as/com.google.android.apps.miphone.aiai.app.AiAiPredictionService } U=0: not found
04-03 15:40:26.255   548   548 W RemoteAppPredictionService: could not bind to Intent { act=android.service.appprediction.AppPredictionService cmp=com.google.android.as/com.google.android.apps.miphone.aiai.app.AiAiPredictionService } using flags 67108865
04-03 15:40:26.260   548   570 D EventSequenceValidator: Transition from INTENT_STARTED to ACTIVITY_LAUNCHED
04-03 15:40:26.261   548  5048 W InputReader: Device virtio_input_multi_touch_9 is associated with display ADISPLAY_ID_NONE.
04-03 15:40:26.261   548  5048 W InputReader: Device virtio_input_multi_touch_7 is associated with display ADISPLAY_ID_NONE.
04-03 15:40:26.261   548  5048 W InputReader: Device virtio_input_multi_touch_10 is associated with display ADISPLAY_ID_NONE.
04-03 15:40:26.261   548  5048 W InputReader: Device virtio_input_multi_touch_4 is associated with display ADISPLAY_ID_NONE.
04-03 15:40:26.261   548  5048 W InputReader: Device virtio_input_multi_touch_11 is associated with display ADISPLAY_ID_NONE.
04-03 15:40:26.261   548  5048 W InputReader: Device virtio_input_multi_touch_5 is associated with display ADISPLAY_ID_NONE.
04-03 15:40:26.261   548  5048 W InputReader: Device virtio_input_multi_touch_2 is associated with display ADISPLAY_ID_NONE.
04-03 15:40:26.261   548  5048 W InputReader: Device virtio_input_multi_touch_6 is associated with display ADISPLAY_ID_NONE.
04-03 15:40:26.261   548  5048 W InputReader: Device virtio_input_multi_touch_3 is associated with display ADISPLAY_ID_NONE.
04-03 15:40:26.261   548  5048 W InputReader: Device virtio_input_multi_touch_8 is associated with display ADISPLAY_ID_NONE.
04-03 15:40:26.261   548  5048 W InputReader: Device virtio_input_multi_touch_9 is associated with display ADISPLAY_ID_NONE.
04-03 15:40:26.261   548  5048 W InputReader: Device virtio_input_multi_touch_7 is associated with display ADISPLAY_ID_NONE.
04-03 15:40:26.261   548  5048 W InputReader: Device virtio_input_multi_touch_10 is associated with display ADISPLAY_ID_NONE.
04-03 15:40:26.261   548  5048 W InputReader: Device virtio_input_multi_touch_4 is associated with display ADISPLAY_ID_NONE.
04-03 15:40:26.261   548  5048 W InputReader: Device virtio_input_multi_touch_11 is associated with display ADISPLAY_ID_NONE.
04-03 15:40:26.261   548  5048 W InputReader: Device virtio_input_multi_touch_5 is associated with display ADISPLAY_ID_NONE.
04-03 15:40:26.261   548  5048 W InputReader: Device virtio_input_multi_touch_2 is associated with display ADISPLAY_ID_NONE.
04-03 15:40:26.261   548  5048 W InputReader: Device virtio_input_multi_touch_6 is associated with display ADISPLAY_ID_NONE.
04-03 15:40:26.261   548  5048 W InputReader: Device virtio_input_multi_touch_3 is associated with display ADISPLAY_ID_NONE.
04-03 15:40:26.261   548  5048 W InputReader: Device virtio_input_multi_touch_8 is associated with display ADISPLAY_ID_NONE.
04-03 15:40:26.271  1042  1042 D RecentsOrientedState: current RecentsOrientedState: [this=RecentsOrientedState@b4d504b mOrientationHandler=PortraitPagedViewHandler@417f623 mDisplayRotation=0 mTouchRotation=0 mRecentsActivityRotation=0 isRecentsActivityRotationAllowed=false mSystemRotation=false mFlags=35]
04-03 15:40:26.271  1042  1042 I chatty  : uid=10137(com.google.android.apps.nexuslauncher) identical 4 lines
04-03 15:40:26.271  1042  1042 D RecentsOrientedState: current RecentsOrientedState: [this=RecentsOrientedState@b4d504b mOrientationHandler=PortraitPagedViewHandler@417f623 mDisplayRotation=0 mTouchRotation=0 mRecentsActivityRotation=0 isRecentsActivityRotationAllowed=false mSystemRotation=false mFlags=35]
04-03 15:40:26.284   353   353 I perfetto: ftrace_procfs.cc:176    enabled ftrace
04-03 15:40:26.291   304   304 D goldfish-address-space: allocate: Ask for block of size 0x10b3000
04-03 15:40:26.291   304   304 D goldfish-address-space: allocate: ioctl allocate returned offset 0x3f8bc4000 size 0x10b4000
04-03 15:40:26.311   304   304 D goldfish-address-space: allocate: Ask for block of size 0x10b3000
04-03 15:40:26.311   304   304 D goldfish-address-space: allocate: ioctl allocate returned offset 0x3fc333000 size 0x10b4000
04-03 15:40:26.317   305   434 W EmuHWC2 : validate: layer 312 CompositionType 1, fallback
04-03 15:40:26.327   304   304 D goldfish-address-space: allocate: Ask for block of size 0x10b3000
04-03 15:40:26.327   304   304 D goldfish-address-space: allocate: ioctl allocate returned offset 0x3f021f000 size 0x10b4000
--------- beginning of kernel
04-03 15:40:26.337     0     0 W perfetto: enabled ftrace
04-03 15:40:26.346   305   434 W EmuHWC2 : No layers, exit, buffer 0xf4700690
04-03 15:40:26.347   305   434 W EmuHWC2 : validate: layer 312 CompositionType 1, fallback
04-03 15:40:26.349   305   434 W EmuHWC2 : No layers, exit, buffer 0xf4701b90
04-03 15:40:26.350   305   434 W EmuHWC2 : validate: layer 312 CompositionType 1, fallback
04-03 15:40:26.350   548   575 D ArtManagerInternalImpl: /data/misc/iorapd/com.doubleloadrepro/1/com.doubleloadrepro.MainActivity/compiled_traces/compiled_trace.pb doesn't exist
04-03 15:40:26.352   305   434 W EmuHWC2 : No layers, exit, buffer 0xf4700690
04-03 15:40:26.353   548   570 D EventSequenceValidator: Transition from ACTIVITY_LAUNCHED to ACTIVITY_FINISHED
04-03 15:40:26.367   305   434 W EmuHWC2 : validate: layer 313 CompositionType 1, fallback
04-03 15:40:26.368   305   434 W EmuHWC2 : No layers, exit, buffer 0xf4701b90
04-03 15:40:26.383   305   434 W EmuHWC2 : validate: layer 313 CompositionType 1, fallback
04-03 15:40:26.384   548  3966 I system_server: oneway function results will be dropped but finished with status OK and parcel size 4
04-03 15:40:26.385   305   434 W EmuHWC2 : No layers, exit, buffer 0xf4700690
04-03 15:40:26.400   305   434 W EmuHWC2 : validate: layer 313 CompositionType 1, fallback
04-03 15:40:26.401   305   434 W EmuHWC2 : No layers, exit, buffer 0xf4701b90
04-03 15:40:26.416   305   434 W EmuHWC2 : validate: layer 313 CompositionType 1, fallback
04-03 15:40:26.418   305   434 W EmuHWC2 : No layers, exit, buffer 0xf4700690
04-03 15:40:26.433   305   434 W EmuHWC2 : validate: layer 313 CompositionType 1, fallback
04-03 15:40:26.435   305   434 W EmuHWC2 : No layers, exit, buffer 0xf4701b90
04-03 15:40:26.450   305   434 W EmuHWC2 : validate: layer 313 CompositionType 1, fallback
04-03 15:40:26.451   305   434 W EmuHWC2 : No layers, exit, buffer 0xf4700690
04-03 15:40:26.467   305   434 W EmuHWC2 : validate: layer 313 CompositionType 1, fallback
04-03 15:40:26.469   305   434 W EmuHWC2 : No layers, exit, buffer 0xf4701b90
04-03 15:40:26.484   305   434 W EmuHWC2 : validate: layer 313 CompositionType 1, fallback
04-03 15:40:26.486   305   434 W EmuHWC2 : No layers, exit, buffer 0xf4700690
04-03 15:40:26.500   305   434 W EmuHWC2 : validate: layer 313 CompositionType 1, fallback
04-03 15:40:26.502   305   434 W EmuHWC2 : No layers, exit, buffer 0xf4701b90
04-03 15:40:26.517   305   434 W EmuHWC2 : validate: layer 313 CompositionType 1, fallback
04-03 15:40:26.519   305   434 W EmuHWC2 : No layers, exit, buffer 0xf4700690
04-03 15:40:26.533   305   434 W EmuHWC2 : validate: layer 313 CompositionType 1, fallback
04-03 15:40:26.535   305   434 W EmuHWC2 : No layers, exit, buffer 0xf4701b90
04-03 15:40:26.550   305   434 W EmuHWC2 : validate: layer 313 CompositionType 1, fallback
04-03 15:40:26.552   305   434 W EmuHWC2 : No layers, exit, buffer 0xf4700690
04-03 15:40:26.567   305   434 W EmuHWC2 : validate: layer 313 CompositionType 1, fallback
04-03 15:40:26.569   305   434 W EmuHWC2 : No layers, exit, buffer 0xf4701b90
04-03 15:40:26.584   305   434 W EmuHWC2 : validate: layer 313 CompositionType 1, fallback
04-03 15:40:26.585   305   434 W EmuHWC2 : No layers, exit, buffer 0xf4700690
04-03 15:40:26.600   305   434 W EmuHWC2 : validate: layer 313 CompositionType 1, fallback
04-03 15:40:26.602   305   434 W EmuHWC2 : No layers, exit, buffer 0xf4701b90
04-03 15:40:26.617   305   434 W EmuHWC2 : validate: layer 313 CompositionType 1, fallback
04-03 15:40:26.618  1042  1042 I AiAiSuggestUi: Clearing suggestions.
04-03 15:40:26.618  1042  1042 I AiAiSuggestUi: Clearing suggestions.
04-03 15:40:26.618  1042  1042 D RecentsOrientedState: current RecentsOrientedState: [this=RecentsOrientedState@228e352 mOrientationHandler=PortraitPagedViewHandler@417f623 mDisplayRotation=0 mTouchRotation=0 mRecentsActivityRotation=0 isRecentsActivityRotationAllowed=false mSystemRotation=false mFlags=291]
04-03 15:40:26.618  1042  1042 D RecentsOrientedState: current RecentsOrientedState: [this=RecentsOrientedState@228e352 mOrientationHandler=PortraitPagedViewHandler@417f623 mDisplayRotation=0 mTouchRotation=0 mRecentsActivityRotation=0 isRecentsActivityRotationAllowed=false mSystemRotation=false mFlags=291]
04-03 15:40:26.620   305   434 W EmuHWC2 : No layers, exit, buffer 0xf4700690
04-03 15:40:26.633   326   326 E Layer   : [Surface(name=Task=53)/@0x41277c9 - animation-leash#0] No local sync point found
04-03 15:40:26.633   326   326 E Layer   : [Surface(name=Task=53)/@0x41277c9 - animation-leash#0] No local sync point found
04-03 15:40:26.633   326   326 E Layer   : [Surface(name=Task=1)/@0x34aa0d6 - animation-leash#0] No local sync point found
04-03 15:40:26.633   326   326 E Layer   : [Surface(name=Task=1)/@0x34aa0d6 - animation-leash#0] No local sync point found
04-03 15:40:26.710  2568  2609 I PBSessionCacheImpl: Deleted sessionId[11295800900432692] from persistence.
04-03 15:40:26.747  2568  2617 W SearchServiceCore: Abort, client detached.
04-03 15:40:27.642   304   304 D goldfish-address-space: allocate: Ask for block of size 0x82c80
04-03 15:40:27.642   304   304 D goldfish-address-space: allocate: ioctl allocate returned offset 0x3f8b40000 size 0x84000
04-03 15:40:27.650   304   304 D goldfish-address-space: allocate: Ask for block of size 0x82c80
04-03 15:40:27.650   304   304 D goldfish-address-space: allocate: ioctl allocate returned offset 0x3f8026000 size 0x84000
04-03 15:40:27.655   304   304 D goldfish-address-space: allocate: Ask for block of size 0x82c80
04-03 15:40:27.656   304   304 D goldfish-address-space: allocate: ioctl allocate returned offset 0x3f7fa2000 size 0x84000
04-03 15:40:27.682   304   304 D goldfish-address-space: allocate: Ask for block of size 0x82c80
04-03 15:40:27.684   304   304 D goldfish-address-space: allocate: ioctl allocate returned offset 0x3f8026000 size 0x84000
04-03 15:40:27.706   304   304 D goldfish-address-space: allocate: Ask for block of size 0x82c80
04-03 15:40:27.706   304   304 D goldfish-address-space: allocate: ioctl allocate returned offset 0x3f8b40000 size 0x84000
04-03 15:40:27.719   304   304 D goldfish-address-space: allocate: Ask for block of size 0x82c80
04-03 15:40:27.719   304   304 D goldfish-address-space: allocate: ioctl allocate returned offset 0x3f7fa2000 size 0x84000
04-03 15:40:27.729 14172 14193 I chatty  : uid=10163(com.know.know) expire 2 lines
04-03 15:40:27.832 14172 14172 I chatty  : uid=10163(com.know.know) expire 7 lines
04-03 15:40:27.841 14090 14090 W unknown:ReactNative: Packager connection already open, nooping.
04-03 15:40:27.842 14090 14269 I ReactNative: [GESTURE HANDLER] Tearing down gesture handler registered for root view com.swmansion.gesturehandler.react.RNGestureHandlerEnabledRootView{474da26 V.E...... ......ID 0,0-1440,2700}
04-03 15:40:27.846 14172 14326 I chatty  : uid=10163(com.know.know) expire 88 lines
04-03 15:40:27.867 14090 14090 E unknown:ReactInstanceManager: destroyRootView called
04-03 15:40:27.867 14090 14090 E unknown:ReactInstanceManager: destroyRootView called, unmountReactApplication
04-03 15:40:28.300 14090 14149 E unknown:ReactContextBaseJavaModule: Unhandled SoftException
04-03 15:40:28.300 14090 14149 E unknown:ReactContextBaseJavaModule: java.lang.RuntimeException: Catalyst Instance has already disappeared: requested by WebSocketModule
04-03 15:40:28.300 14090 14149 E unknown:ReactContextBaseJavaModule: 	at com.facebook.react.bridge.ReactContextBaseJavaModule.getReactApplicationContextIfActiveOrWarn(ReactContextBaseJavaModule.java:67)
04-03 15:40:28.300 14090 14149 E unknown:ReactContextBaseJavaModule: 	at com.facebook.react.modules.websocket.WebSocketModule.sendEvent(WebSocketModule.java:62)
04-03 15:40:28.300 14090 14149 E unknown:ReactContextBaseJavaModule: 	at com.facebook.react.modules.websocket.WebSocketModule.access$100(WebSocketModule.java:40)
04-03 15:40:28.300 14090 14149 E unknown:ReactContextBaseJavaModule: 	at com.facebook.react.modules.websocket.WebSocketModule$1.onMessage(WebSocketModule.java:190)
04-03 15:40:28.300 14090 14149 E unknown:ReactContextBaseJavaModule: 	at okhttp3.internal.ws.RealWebSocket.onReadMessage(RealWebSocket.java:323)
04-03 15:40:28.300 14090 14149 E unknown:ReactContextBaseJavaModule: 	at okhttp3.internal.ws.WebSocketReader.readMessageFrame(WebSocketReader.java:219)
04-03 15:40:28.300 14090 14149 E unknown:ReactContextBaseJavaModule: 	at okhttp3.internal.ws.WebSocketReader.processNextFrame(WebSocketReader.java:105)
04-03 15:40:28.300 14090 14149 E unknown:ReactContextBaseJavaModule: 	at okhttp3.internal.ws.RealWebSocket.loopReader(RealWebSocket.java:274)
04-03 15:40:28.300 14090 14149 E unknown:ReactContextBaseJavaModule: 	at okhttp3.internal.ws.RealWebSocket$2.onResponse(RealWebSocket.java:214)
04-03 15:40:28.300 14090 14149 E unknown:ReactContextBaseJavaModule: 	at okhttp3.RealCall$AsyncCall.execute(RealCall.java:203)
04-03 15:40:28.300 14090 14149 E unknown:ReactContextBaseJavaModule: 	at okhttp3.internal.NamedRunnable.run(NamedRunnable.java:32)
04-03 15:40:28.300 14090 14149 E unknown:ReactContextBaseJavaModule: 	at java.util.concurrent.ThreadPoolExecutor.runWorker(ThreadPoolExecutor.java:1167)
04-03 15:40:28.300 14090 14149 E unknown:ReactContextBaseJavaModule: 	at java.util.concurrent.ThreadPoolExecutor$Worker.run(ThreadPoolExecutor.java:641)
04-03 15:40:28.300 14090 14149 E unknown:ReactContextBaseJavaModule: 	at java.lang.Thread.run(Thread.java:923)
04-03 15:40:28.301 14090 14162 E unknown:ReactContextBaseJavaModule: Unhandled SoftException
04-03 15:40:28.301 14090 14162 E unknown:ReactContextBaseJavaModule: java.lang.RuntimeException: Catalyst Instance has already disappeared: requested by WebSocketModule
04-03 15:40:28.301 14090 14162 E unknown:ReactContextBaseJavaModule: 	at com.facebook.react.bridge.ReactContextBaseJavaModule.getReactApplicationContextIfActiveOrWarn(ReactContextBaseJavaModule.java:67)
04-03 15:40:28.301 14090 14162 E unknown:ReactContextBaseJavaModule: 	at com.facebook.react.modules.websocket.WebSocketModule.sendEvent(WebSocketModule.java:62)
04-03 15:40:28.301 14090 14162 E unknown:ReactContextBaseJavaModule: 	at com.facebook.react.modules.websocket.WebSocketModule.access$100(WebSocketModule.java:40)
04-03 15:40:28.301 14090 14162 E unknown:ReactContextBaseJavaModule: 	at com.facebook.react.modules.websocket.WebSocketModule$1.onMessage(WebSocketModule.java:190)
04-03 15:40:28.301 14090 14162 E unknown:ReactContextBaseJavaModule: 	at okhttp3.internal.ws.RealWebSocket.onReadMessage(RealWebSocket.java:323)
04-03 15:40:28.301 14090 14162 E unknown:ReactContextBaseJavaModule: 	at okhttp3.internal.ws.WebSocketReader.readMessageFrame(WebSocketReader.java:219)
04-03 15:40:28.301 14090 14162 E unknown:ReactContextBaseJavaModule: 	at okhttp3.internal.ws.WebSocketReader.processNextFrame(WebSocketReader.java:105)
04-03 15:40:28.301 14090 14162 E unknown:ReactContextBaseJavaModule: 	at okhttp3.internal.ws.RealWebSocket.loopReader(RealWebSocket.java:274)
04-03 15:40:28.301 14090 14162 E unknown:ReactContextBaseJavaModule: 	at okhttp3.internal.ws.RealWebSocket$2.onResponse(RealWebSocket.java:214)
04-03 15:40:28.301 14090 14162 E unknown:ReactContextBaseJavaModule: 	at okhttp3.RealCall$AsyncCall.execute(RealCall.java:203)
04-03 15:40:28.301 14090 14162 E unknown:ReactContextBaseJavaModule: 	at okhttp3.internal.NamedRunnable.run(NamedRunnable.java:32)
04-03 15:40:28.301 14090 14162 E unknown:ReactContextBaseJavaModule: 	at java.util.concurrent.ThreadPoolExecutor.runWorker(ThreadPoolExecutor.java:1167)
04-03 15:40:28.301 14090 14162 E unknown:ReactContextBaseJavaModule: 	at java.util.concurrent.ThreadPoolExecutor$Worker.run(ThreadPoolExecutor.java:641)
04-03 15:40:28.301 14090 14162 E unknown:ReactContextBaseJavaModule: 	at java.lang.Thread.run(Thread.java:923)
04-03 15:40:28.301 14090 14260 E unknown:ReactContextBaseJavaModule: Unhandled SoftException
04-03 15:40:28.301 14090 14260 E unknown:ReactContextBaseJavaModule: java.lang.RuntimeException: Catalyst Instance has already disappeared: requested by WebSocketModule
04-03 15:40:28.301 14090 14260 E unknown:ReactContextBaseJavaModule: 	at com.facebook.react.bridge.ReactContextBaseJavaModule.getReactApplicationContextIfActiveOrWarn(ReactContextBaseJavaModule.java:67)
04-03 15:40:28.301 14090 14260 E unknown:ReactContextBaseJavaModule: 	at com.facebook.react.modules.websocket.WebSocketModule.sendEvent(WebSocketModule.java:62)
04-03 15:40:28.301 14090 14260 E unknown:ReactContextBaseJavaModule: 	at com.facebook.react.modules.websocket.WebSocketModule.access$100(WebSocketModule.java:40)
04-03 15:40:28.301 14090 14260 E unknown:ReactContextBaseJavaModule: 	at com.facebook.react.modules.websocket.WebSocketModule$1.onMessage(WebSocketModule.java:190)
04-03 15:40:28.301 14090 14260 E unknown:ReactContextBaseJavaModule: 	at okhttp3.internal.ws.RealWebSocket.onReadMessage(RealWebSocket.java:323)
04-03 15:40:28.301 14090 14260 E unknown:ReactContextBaseJavaModule: 	at okhttp3.internal.ws.WebSocketReader.readMessageFrame(WebSocketReader.java:219)
04-03 15:40:28.301 14090 14260 E unknown:ReactContextBaseJavaModule: 	at okhttp3.internal.ws.WebSocketReader.processNextFrame(WebSocketReader.java:105)
04-03 15:40:28.301 14090 14260 E unknown:ReactContextBaseJavaModule: 	at okhttp3.internal.ws.RealWebSocket.loopReader(RealWebSocket.java:274)
04-03 15:40:28.301 14090 14260 E unknown:ReactContextBaseJavaModule: 	at okhttp3.internal.ws.RealWebSocket$2.onResponse(RealWebSocket.java:214)
04-03 15:40:28.301 14090 14260 E unknown:ReactContextBaseJavaModule: 	at okhttp3.RealCall$AsyncCall.execute(RealCall.java:203)
04-03 15:40:28.301 14090 14260 E unknown:ReactContextBaseJavaModule: 	at okhttp3.internal.NamedRunnable.run(NamedRunnable.java:32)
04-03 15:40:28.301 14090 14260 E unknown:ReactContextBaseJavaModule: 	at java.util.concurrent.ThreadPoolExecutor.runWorker(ThreadPoolExecutor.java:1167)
04-03 15:40:28.301 14090 14260 E unknown:ReactContextBaseJavaModule: 	at java.util.concurrent.ThreadPoolExecutor$Worker.run(ThreadPoolExecutor.java:641)
04-03 15:40:28.301 14090 14260 E unknown:ReactContextBaseJavaModule: 	at java.lang.Thread.run(Thread.java:923)
04-03 15:40:28.301 14090 14149 E unknown:ReactContextBaseJavaModule: Unhandled SoftException
04-03 15:40:28.301 14090 14149 E unknown:ReactContextBaseJavaModule: java.lang.RuntimeException: Catalyst Instance has already disappeared: requested by WebSocketModule
04-03 15:40:28.301 14090 14149 E unknown:ReactContextBaseJavaModule: 	at com.facebook.react.bridge.ReactContextBaseJavaModule.getReactApplicationContextIfActiveOrWarn(ReactContextBaseJavaModule.java:67)
04-03 15:40:28.301 14090 14149 E unknown:ReactContextBaseJavaModule: 	at com.facebook.react.modules.websocket.WebSocketModule.sendEvent(WebSocketModule.java:62)
04-03 15:40:28.301 14090 14149 E unknown:ReactContextBaseJavaModule: 	at com.facebook.react.modules.websocket.WebSocketModule.access$100(WebSocketModule.java:40)
04-03 15:40:28.301 14090 14149 E unknown:ReactContextBaseJavaModule: 	at com.facebook.react.modules.websocket.WebSocketModule$1.onMessage(WebSocketModule.java:190)
04-03 15:40:28.301 14090 14149 E unknown:ReactContextBaseJavaModule: 	at okhttp3.internal.ws.RealWebSocket.onReadMessage(RealWebSocket.java:323)
04-03 15:40:28.301 14090 14149 E unknown:ReactContextBaseJavaModule: 	at okhttp3.internal.ws.WebSocketReader.readMessageFrame(WebSocketReader.java:219)
04-03 15:40:28.301 14090 14149 E unknown:ReactContextBaseJavaModule: 	at okhttp3.internal.ws.WebSocketReader.processNextFrame(WebSocketReader.java:105)
04-03 15:40:28.301 14090 14149 E unknown:ReactContextBaseJavaModule: 	at okhttp3.internal.ws.RealWebSocket.loopReader(RealWebSocket.java:274)
04-03 15:40:28.301 14090 14149 E unknown:ReactContextBaseJavaModule: 	at okhttp3.internal.ws.RealWebSocket$2.onResponse(RealWebSocket.java:214)
04-03 15:40:28.301 14090 14149 E unknown:ReactContextBaseJavaModule: 	at okhttp3.RealCall$AsyncCall.execute(RealCall.java:203)
04-03 15:40:28.301 14090 14149 E unknown:ReactContextBaseJavaModule: 	at okhttp3.internal.NamedRunnable.run(NamedRunnable.java:32)
04-03 15:40:28.301 14090 14149 E unknown:ReactContextBaseJavaModule: 	at java.util.concurrent.ThreadPoolExecutor.runWorker(ThreadPoolExecutor.java:1167)
04-03 15:40:28.301 14090 14149 E unknown:ReactContextBaseJavaModule: 	at java.util.concurrent.ThreadPoolExecutor$Worker.run(ThreadPoolExecutor.java:641)
04-03 15:40:28.301 14090 14149 E unknown:ReactContextBaseJavaModule: 	at java.lang.Thread.run(Thread.java:923)
04-03 15:40:28.301 14090 14289 E unknown:ReactContextBaseJavaModule: Unhandled SoftException
04-03 15:40:28.301 14090 14289 E unknown:ReactContextBaseJavaModule: java.lang.RuntimeException: Catalyst Instance has already disappeared: requested by WebSocketModule
04-03 15:40:28.301 14090 14289 E unknown:ReactContextBaseJavaModule: 	at com.facebook.react.bridge.ReactContextBaseJavaModule.getReactApplicationContextIfActiveOrWarn(ReactContextBaseJavaModule.java:67)
04-03 15:40:28.301 14090 14289 E unknown:ReactContextBaseJavaModule: 	at com.facebook.react.modules.websocket.WebSocketModule.sendEvent(WebSocketModule.java:62)
04-03 15:40:28.301 14090 14289 E unknown:ReactContextBaseJavaModule: 	at com.facebook.react.modules.websocket.WebSocketModule.access$100(WebSocketModule.java:40)
04-03 15:40:28.301 14090 14289 E unknown:ReactContextBaseJavaModule: 	at com.facebook.react.modules.websocket.WebSocketModule$1.onMessage(WebSocketModule.java:190)
04-03 15:40:28.301 14090 14289 E unknown:ReactContextBaseJavaModule: 	at okhttp3.internal.ws.RealWebSocket.onReadMessage(RealWebSocket.java:323)
04-03 15:40:28.301 14090 14289 E unknown:ReactContextBaseJavaModule: 	at okhttp3.internal.ws.WebSocketReader.readMessageFrame(WebSocketReader.java:219)
04-03 15:40:28.301 14090 14289 E unknown:ReactContextBaseJavaModule: 	at okhttp3.internal.ws.WebSocketReader.processNextFrame(WebSocketReader.java:105)
04-03 15:40:28.301 14090 14289 E unknown:ReactContextBaseJavaModule: 	at okhttp3.internal.ws.RealWebSocket.loopReader(RealWebSocket.java:274)
04-03 15:40:28.301 14090 14289 E unknown:ReactContextBaseJavaModule: 	at okhttp3.internal.ws.RealWebSocket$2.onResponse(RealWebSocket.java:214)
04-03 15:40:28.301 14090 14289 E unknown:ReactContextBaseJavaModule: 	at okhttp3.RealCall$AsyncCall.execute(RealCall.java:203)
04-03 15:40:28.301 14090 14289 E unknown:ReactContextBaseJavaModule: 	at okhttp3.internal.NamedRunnable.run(NamedRunnable.java:32)
04-03 15:40:28.301 14090 14289 E unknown:ReactContextBaseJavaModule: 	at java.util.concurrent.ThreadPoolExecutor.runWorker(ThreadPoolExecutor.java:1167)
04-03 15:40:28.301 14090 14289 E unknown:ReactContextBaseJavaModule: 	at java.util.concurrent.ThreadPoolExecutor$Worker.run(ThreadPoolExecutor.java:641)
04-03 15:40:28.301 14090 14289 E unknown:ReactContextBaseJavaModule: 	at java.lang.Thread.run(Thread.java:923)
04-03 15:40:28.301 14090 14162 E unknown:ReactContextBaseJavaModule: Unhandled SoftException
04-03 15:40:28.301 14090 14162 E unknown:ReactContextBaseJavaModule: java.lang.RuntimeException: Catalyst Instance has already disappeared: requested by WebSocketModule
04-03 15:40:28.301 14090 14162 E unknown:ReactContextBaseJavaModule: 	at com.facebook.react.bridge.ReactContextBaseJavaModule.getReactApplicationContextIfActiveOrWarn(ReactContextBaseJavaModule.java:67)
04-03 15:40:28.301 14090 14162 E unknown:ReactContextBaseJavaModule: 	at com.facebook.react.modules.websocket.WebSocketModule.sendEvent(WebSocketModule.java:62)
04-03 15:40:28.301 14090 14162 E unknown:ReactContextBaseJavaModule: 	at com.facebook.react.modules.websocket.WebSocketModule.access$100(WebSocketModule.java:40)
04-03 15:40:28.301 14090 14162 E unknown:ReactContextBaseJavaModule: 	at com.facebook.react.modules.websocket.WebSocketModule$1.onMessage(WebSocketModule.java:190)
04-03 15:40:28.301 14090 14162 E unknown:ReactContextBaseJavaModule: 	at okhttp3.internal.ws.RealWebSocket.onReadMessage(RealWebSocket.java:323)
04-03 15:40:28.301 14090 14162 E unknown:ReactContextBaseJavaModule: 	at okhttp3.internal.ws.WebSocketReader.readMessageFrame(WebSocketReader.java:219)
04-03 15:40:28.301 14090 14162 E unknown:ReactContextBaseJavaModule: 	at okhttp3.internal.ws.WebSocketReader.processNextFrame(WebSocketReader.java:105)
04-03 15:40:28.301 14090 14162 E unknown:ReactContextBaseJavaModule: 	at okhttp3.internal.ws.RealWebSocket.loopReader(RealWebSocket.java:274)
04-03 15:40:28.301 14090 14162 E unknown:ReactContextBaseJavaModule: 	at okhttp3.internal.ws.RealWebSocket$2.onResponse(RealWebSocket.java:214)
04-03 15:40:28.301 14090 14162 E unknown:ReactContextBaseJavaModule: 	at okhttp3.RealCall$AsyncCall.execute(RealCall.java:203)
04-03 15:40:28.301 14090 14162 E unknown:ReactContextBaseJavaModule: 	at okhttp3.internal.NamedRunnable.run(NamedRunnable.java:32)
04-03 15:40:28.301 14090 14162 E unknown:ReactContextBaseJavaModule: 	at java.util.concurrent.ThreadPoolExecutor.runWorker(ThreadPoolExecutor.java:1167)
04-03 15:40:28.301 14090 14162 E unknown:ReactContextBaseJavaModule: 	at java.util.concurrent.ThreadPoolExecutor$Worker.run(ThreadPoolExecutor.java:641)
04-03 15:40:28.301 14090 14162 E unknown:ReactContextBaseJavaModule: 	at java.lang.Thread.run(Thread.java:923)
04-03 15:40:28.301 14090 14289 E unknown:ReactContextBaseJavaModule: Unhandled SoftException
04-03 15:40:28.301 14090 14289 E unknown:ReactContextBaseJavaModule: java.lang.RuntimeException: Catalyst Instance has already disappeared: requested by WebSocketModule
04-03 15:40:28.301 14090 14289 E unknown:ReactContextBaseJavaModule: 	at com.facebook.react.bridge.ReactContextBaseJavaModule.getReactApplicationContextIfActiveOrWarn(ReactContextBaseJavaModule.java:67)
04-03 15:40:28.301 14090 14289 E unknown:ReactContextBaseJavaModule: 	at com.facebook.react.modules.websocket.WebSocketModule.sendEvent(WebSocketModule.java:62)
04-03 15:40:28.301 14090 14289 E unknown:ReactContextBaseJavaModule: 	at com.facebook.react.modules.websocket.WebSocketModule.access$100(WebSocketModule.java:40)
04-03 15:40:28.301 14090 14289 E unknown:ReactContextBaseJavaModule: 	at com.facebook.react.modules.websocket.WebSocketModule$1.onMessage(WebSocketModule.java:190)
04-03 15:40:28.301 14090 14289 E unknown:ReactContextBaseJavaModule: 	at okhttp3.internal.ws.RealWebSocket.onReadMessage(RealWebSocket.java:323)
04-03 15:40:28.301 14090 14289 E unknown:ReactContextBaseJavaModule: 	at okhttp3.internal.ws.WebSocketReader.readMessageFrame(WebSocketReader.java:219)
04-03 15:40:28.301 14090 14289 E unknown:ReactContextBaseJavaModule: 	at okhttp3.internal.ws.WebSocketReader.processNextFrame(WebSocketReader.java:105)
04-03 15:40:28.301 14090 14289 E unknown:ReactContextBaseJavaModule: 	at okhttp3.internal.ws.RealWebSocket.loopReader(RealWebSocket.java:274)
04-03 15:40:28.301 14090 14289 E unknown:ReactContextBaseJavaModule: 	at okhttp3.internal.ws.RealWebSocket$2.onResponse(RealWebSocket.java:214)
04-03 15:40:28.301 14090 14289 E unknown:ReactContextBaseJavaModule: 	at okhttp3.RealCall$AsyncCall.execute(RealCall.java:203)
04-03 15:40:28.301 14090 14289 E unknown:ReactContextBaseJavaModule: 	at okhttp3.internal.NamedRunnable.run(NamedRunnable.java:32)
04-03 15:40:28.301 14090 14289 E unknown:ReactContextBaseJavaModule: 	at java.util.concurrent.ThreadPoolExecutor.runWorker(ThreadPoolExecutor.java:1167)
04-03 15:40:28.301 14090 14289 E unknown:ReactContextBaseJavaModule: 	at java.util.concurrent.ThreadPoolExecutor$Worker.run(ThreadPoolExecutor.java:641)
04-03 15:40:28.301 14090 14289 E unknown:ReactContextBaseJavaModule: 	at java.lang.Thread.run(Thread.java:923)
04-03 15:40:28.301 14090 14149 E unknown:ReactContextBaseJavaModule: Unhandled SoftException
04-03 15:40:28.301 14090 14149 E unknown:ReactContextBaseJavaModule: java.lang.RuntimeException: Catalyst Instance has already disappeared: requested by WebSocketModule
04-03 15:40:28.301 14090 14149 E unknown:ReactContextBaseJavaModule: 	at com.facebook.react.bridge.ReactContextBaseJavaModule.getReactApplicationContextIfActiveOrWarn(ReactContextBaseJavaModule.java:67)
04-03 15:40:28.301 14090 14149 E unknown:ReactContextBaseJavaModule: 	at com.facebook.react.modules.websocket.WebSocketModule.sendEvent(WebSocketModule.java:62)
04-03 15:40:28.301 14090 14149 E unknown:ReactContextBaseJavaModule: 	at com.facebook.react.modules.websocket.WebSocketModule.access$100(WebSocketModule.java:40)
04-03 15:40:28.301 14090 14149 E unknown:ReactContextBaseJavaModule: 	at com.facebook.react.modules.websocket.WebSocketModule$1.onMessage(WebSocketModule.java:190)
04-03 15:40:28.301 14090 14149 E unknown:ReactContextBaseJavaModule: 	at okhttp3.internal.ws.RealWebSocket.onReadMessage(RealWebSocket.java:323)
04-03 15:40:28.301 14090 14149 E unknown:ReactContextBaseJavaModule: 	at okhttp3.internal.ws.WebSocketReader.readMessageFrame(WebSocketReader.java:219)
04-03 15:40:28.301 14090 14149 E unknown:ReactContextBaseJavaModule: 	at okhttp3.internal.ws.WebSocketReader.processNextFrame(WebSocketReader.java:105)
04-03 15:40:28.301 14090 14149 E unknown:ReactContextBaseJavaModule: 	at okhttp3.internal.ws.RealWebSocket.loopReader(RealWebSocket.java:274)
04-03 15:40:28.301 14090 14149 E unknown:ReactContextBaseJavaModule: 	at okhttp3.internal.ws.RealWebSocket$2.onResponse(RealWebSocket.java:214)
04-03 15:40:28.301 14090 14149 E unknown:ReactContextBaseJavaModule: 	at okhttp3.RealCall$AsyncCall.execute(RealCall.java:203)
04-03 15:40:28.301 14090 14149 E unknown:ReactContextBaseJavaModule: 	at okhttp3.internal.NamedRunnable.run(NamedRunnable.java:32)
04-03 15:40:28.301 14090 14149 E unknown:ReactContextBaseJavaModule: 	at java.util.concurrent.ThreadPoolExecutor.runWorker(ThreadPoolExecutor.java:1167)
04-03 15:40:28.301 14090 14149 E unknown:ReactContextBaseJavaModule: 	at java.util.concurrent.ThreadPoolExecutor$Worker.run(ThreadPoolExecutor.java:641)
04-03 15:40:28.301 14090 14149 E unknown:ReactContextBaseJavaModule: 	at java.lang.Thread.run(Thread.java:923)
04-03 15:40:28.301 14090 14162 E unknown:ReactContextBaseJavaModule: Unhandled SoftException
04-03 15:40:28.301 14090 14162 E unknown:ReactContextBaseJavaModule: java.lang.RuntimeException: Catalyst Instance has already disappeared: requested by WebSocketModule
04-03 15:40:28.301 14090 14162 E unknown:ReactContextBaseJavaModule: 	at com.facebook.react.bridge.ReactContextBaseJavaModule.getReactApplicationContextIfActiveOrWarn(ReactContextBaseJavaModule.java:67)
04-03 15:40:28.301 14090 14162 E unknown:ReactContextBaseJavaModule: 	at com.facebook.react.modules.websocket.WebSocketModule.sendEvent(WebSocketModule.java:62)
04-03 15:40:28.301 14090 14162 E unknown:ReactContextBaseJavaModule: 	at com.facebook.react.modules.websocket.WebSocketModule.access$100(WebSocketModule.java:40)
04-03 15:40:28.301 14090 14162 E unknown:ReactContextBaseJavaModule: 	at com.facebook.react.modules.websocket.WebSocketModule$1.onMessage(WebSocketModule.java:190)
04-03 15:40:28.301 14090 14162 E unknown:ReactContextBaseJavaModule: 	at okhttp3.internal.ws.RealWebSocket.onReadMessage(RealWebSocket.java:323)
04-03 15:40:28.301 14090 14162 E unknown:ReactContextBaseJavaModule: 	at okhttp3.internal.ws.WebSocketReader.readMessageFrame(WebSocketReader.java:219)
04-03 15:40:28.301 14090 14162 E unknown:ReactContextBaseJavaModule: 	at okhttp3.internal.ws.WebSocketReader.processNextFrame(WebSocketReader.java:105)
04-03 15:40:28.301 14090 14162 E unknown:ReactContextBaseJavaModule: 	at okhttp3.internal.ws.RealWebSocket.loopReader(RealWebSocket.java:274)
04-03 15:40:28.301 14090 14162 E unknown:ReactContextBaseJavaModule: 	at okhttp3.internal.ws.RealWebSocket$2.onResponse(RealWebSocket.java:214)
04-03 15:40:28.301 14090 14162 E unknown:ReactContextBaseJavaModule: 	at okhttp3.RealCall$AsyncCall.execute(RealCall.java:203)
04-03 15:40:28.301 14090 14162 E unknown:ReactContextBaseJavaModule: 	at okhttp3.internal.NamedRunnable.run(NamedRunnable.java:32)
04-03 15:40:28.301 14090 14162 E unknown:ReactContextBaseJavaModule: 	at java.util.concurrent.ThreadPoolExecutor.runWorker(ThreadPoolExecutor.java:1167)
04-03 15:40:28.301 14090 14162 E unknown:ReactContextBaseJavaModule: 	at java.util.concurrent.ThreadPoolExecutor$Worker.run(ThreadPoolExecutor.java:641)
04-03 15:40:28.301 14090 14162 E unknown:ReactContextBaseJavaModule: 	at java.lang.Thread.run(Thread.java:923)
04-03 15:40:28.302 14090 14260 E unknown:ReactContextBaseJavaModule: Unhandled SoftException
04-03 15:40:28.302 14090 14260 E unknown:ReactContextBaseJavaModule: java.lang.RuntimeException: Catalyst Instance has already disappeared: requested by WebSocketModule
04-03 15:40:28.302 14090 14260 E unknown:ReactContextBaseJavaModule: 	at com.facebook.react.bridge.ReactContextBaseJavaModule.getReactApplicationContextIfActiveOrWarn(ReactContextBaseJavaModule.java:67)
04-03 15:40:28.302 14090 14260 E unknown:ReactContextBaseJavaModule: 	at com.facebook.react.modules.websocket.WebSocketModule.sendEvent(WebSocketModule.java:62)
04-03 15:40:28.302 14090 14260 E unknown:ReactContextBaseJavaModule: 	at com.facebook.react.modules.websocket.WebSocketModule.access$100(WebSocketModule.java:40)
04-03 15:40:28.302 14090 14260 E unknown:ReactContextBaseJavaModule: 	at com.facebook.react.modules.websocket.WebSocketModule$1.onMessage(WebSocketModule.java:190)
04-03 15:40:28.302 14090 14260 E unknown:ReactContextBaseJavaModule: 	at okhttp3.internal.ws.RealWebSocket.onReadMessage(RealWebSocket.java:323)
04-03 15:40:28.302 14090 14260 E unknown:ReactContextBaseJavaModule: 	at okhttp3.internal.ws.WebSocketReader.readMessageFrame(WebSocketReader.java:219)
04-03 15:40:28.302 14090 14260 E unknown:ReactContextBaseJavaModule: 	at okhttp3.internal.ws.WebSocketReader.processNextFrame(WebSocketReader.java:105)
04-03 15:40:28.302 14090 14260 E unknown:ReactContextBaseJavaModule: 	at okhttp3.internal.ws.RealWebSocket.loopReader(RealWebSocket.java:274)
04-03 15:40:28.302 14090 14260 E unknown:ReactContextBaseJavaModule: 	at okhttp3.internal.ws.RealWebSocket$2.onResponse(RealWebSocket.java:214)
04-03 15:40:28.302 14090 14260 E unknown:ReactContextBaseJavaModule: 	at okhttp3.RealCall$AsyncCall.execute(RealCall.java:203)
04-03 15:40:28.302 14090 14260 E unknown:ReactContextBaseJavaModule: 	at okhttp3.internal.NamedRunnable.run(NamedRunnable.java:32)
04-03 15:40:28.302 14090 14260 E unknown:ReactContextBaseJavaModule: 	at java.util.concurrent.ThreadPoolExecutor.runWorker(ThreadPoolExecutor.java:1167)
04-03 15:40:28.302 14090 14260 E unknown:ReactContextBaseJavaModule: 	at java.util.concurrent.ThreadPoolExecutor$Worker.run(ThreadPoolExecutor.java:641)
04-03 15:40:28.302 14090 14260 E unknown:ReactContextBaseJavaModule: 	at java.lang.Thread.run(Thread.java:923)
04-03 15:40:28.302 14090 14289 E unknown:ReactContextBaseJavaModule: Unhandled SoftException
04-03 15:40:28.302 14090 14289 E unknown:ReactContextBaseJavaModule: java.lang.RuntimeException: Catalyst Instance has already disappeared: requested by WebSocketModule
04-03 15:40:28.302 14090 14289 E unknown:ReactContextBaseJavaModule: 	at com.facebook.react.bridge.ReactContextBaseJavaModule.getReactApplicationContextIfActiveOrWarn(ReactContextBaseJavaModule.java:67)
04-03 15:40:28.302 14090 14289 E unknown:ReactContextBaseJavaModule: 	at com.facebook.react.modules.websocket.WebSocketModule.sendEvent(WebSocketModule.java:62)
04-03 15:40:28.302 14090 14289 E unknown:ReactContextBaseJavaModule: 	at com.facebook.react.modules.websocket.WebSocketModule.access$100(WebSocketModule.java:40)
04-03 15:40:28.302 14090 14289 E unknown:ReactContextBaseJavaModule: 	at com.facebook.react.modules.websocket.WebSocketModule$1.onMessage(WebSocketModule.java:190)
04-03 15:40:28.302 14090 14289 E unknown:ReactContextBaseJavaModule: 	at okhttp3.internal.ws.RealWebSocket.onReadMessage(RealWebSocket.java:323)
04-03 15:40:28.302 14090 14289 E unknown:ReactContextBaseJavaModule: 	at okhttp3.internal.ws.WebSocketReader.readMessageFrame(WebSocketReader.java:219)
04-03 15:40:28.302 14090 14289 E unknown:ReactContextBaseJavaModule: 	at okhttp3.internal.ws.WebSocketReader.processNextFrame(WebSocketReader.java:105)
04-03 15:40:28.302 14090 14289 E unknown:ReactContextBaseJavaModule: 	at okhttp3.internal.ws.RealWebSocket.loopReader(RealWebSocket.java:274)
04-03 15:40:28.302 14090 14289 E unknown:ReactContextBaseJavaModule: 	at okhttp3.internal.ws.RealWebSocket$2.onResponse(RealWebSocket.java:214)
04-03 15:40:28.302 14090 14289 E unknown:ReactContextBaseJavaModule: 	at okhttp3.RealCall$AsyncCall.execute(RealCall.java:203)
04-03 15:40:28.302 14090 14289 E unknown:ReactContextBaseJavaModule: 	at okhttp3.internal.NamedRunnable.run(NamedRunnable.java:32)
04-03 15:40:28.302 14090 14289 E unknown:ReactContextBaseJavaModule: 	at java.util.concurrent.ThreadPoolExecutor.runWorker(ThreadPoolExecutor.java:1167)
04-03 15:40:28.302 14090 14289 E unknown:ReactContextBaseJavaModule: 	at java.util.concurrent.ThreadPoolExecutor$Worker.run(ThreadPoolExecutor.java:641)
04-03 15:40:28.302 14090 14289 E unknown:ReactContextBaseJavaModule: 	at java.lang.Thread.run(Thread.java:923)
04-03 15:40:28.302 14172 14239 I chatty  : uid=10163(com.know.know) expire 12 lines
04-03 15:40:28.302 14172 14274 I chatty  : uid=10163(com.know.know) expire 12 lines
04-03 15:40:28.302 14090 14260 E unknown:ReactContextBaseJavaModule: Unhandled SoftException
04-03 15:40:28.302 14090 14260 E unknown:ReactContextBaseJavaModule: java.lang.RuntimeException: Catalyst Instance has already disappeared: requested by WebSocketModule
04-03 15:40:28.302 14090 14260 E unknown:ReactContextBaseJavaModule: 	at com.facebook.react.bridge.ReactContextBaseJavaModule.getReactApplicationContextIfActiveOrWarn(ReactContextBaseJavaModule.java:67)
04-03 15:40:28.302 14090 14260 E unknown:ReactContextBaseJavaModule: 	at com.facebook.react.modules.websocket.WebSocketModule.sendEvent(WebSocketModule.java:62)
04-03 15:40:28.302 14090 14260 E unknown:ReactContextBaseJavaModule: 	at com.facebook.react.modules.websocket.WebSocketModule.access$100(WebSocketModule.java:40)
04-03 15:40:28.302 14090 14260 E unknown:ReactContextBaseJavaModule: 	at com.facebook.react.modules.websocket.WebSocketModule$1.onMessage(WebSocketModule.java:190)
04-03 15:40:28.302 14090 14260 E unknown:ReactContextBaseJavaModule: 	at okhttp3.internal.ws.RealWebSocket.onReadMessage(RealWebSocket.java:323)
04-03 15:40:28.302 14090 14260 E unknown:ReactContextBaseJavaModule: 	at okhttp3.internal.ws.WebSocketReader.readMessageFrame(WebSocketReader.java:219)
04-03 15:40:28.302 14090 14260 E unknown:ReactContextBaseJavaModule: 	at okhttp3.internal.ws.WebSocketReader.processNextFrame(WebSocketReader.java:105)
04-03 15:40:28.302 14090 14260 E unknown:ReactContextBaseJavaModule: 	at okhttp3.internal.ws.RealWebSocket.loopReader(RealWebSocket.java:274)
04-03 15:40:28.302 14090 14260 E unknown:ReactContextBaseJavaModule: 	at okhttp3.internal.ws.RealWebSocket$2.onResponse(RealWebSocket.java:214)
04-03 15:40:28.302 14090 14260 E unknown:ReactContextBaseJavaModule: 	at okhttp3.RealCall$AsyncCall.execute(RealCall.java:203)
04-03 15:40:28.302 14090 14260 E unknown:ReactContextBaseJavaModule: 	at okhttp3.internal.NamedRunnable.run(NamedRunnable.java:32)
04-03 15:40:28.302 14090 14260 E unknown:ReactContextBaseJavaModule: 	at java.util.concurrent.ThreadPoolExecutor.runWorker(ThreadPoolExecutor.java:1167)
04-03 15:40:28.302 14090 14260 E unknown:ReactContextBaseJavaModule: 	at java.util.concurrent.ThreadPoolExecutor$Worker.run(ThreadPoolExecutor.java:641)
04-03 15:40:28.302 14090 14260 E unknown:ReactContextBaseJavaModule: 	at java.lang.Thread.run(Thread.java:923)
04-03 15:40:28.303 14172 14254 I chatty  : uid=10163(com.know.know) expire 10 lines
04-03 15:40:28.890 14090 14330 I ReactNativeJNI: Inspector::Inspector transitioning to initial state RunningDetached
04-03 15:40:28.891 14090 14327 W unknown:ViewManagerPropertyUpdater: Could not find generated setter for class com.facebook.react.views.picker.ReactDialogPickerManager
04-03 15:40:28.892 14090 14327 W unknown:ViewManagerPropertyUpdater: Could not find generated setter for class com.facebook.react.uimanager.LayoutShadowNode
04-03 15:40:28.893 14090 14327 W unknown:ViewManagerPropertyUpdater: Could not find generated setter for class com.facebook.react.views.drawer.ReactDrawerLayoutManager
04-03 15:40:28.893 14090 14327 W unknown:ViewManagerPropertyUpdater: Could not find generated setter for class com.facebook.react.views.picker.ReactDropdownPickerManager
04-03 15:40:28.894 14090 14327 W unknown:ViewManagerPropertyUpdater: Could not find generated setter for class com.facebook.react.views.scroll.ReactHorizontalScrollViewManager
04-03 15:40:28.895 14090 14327 W unknown:ViewManagerPropertyUpdater: Could not find generated setter for class com.facebook.react.views.scroll.ReactHorizontalScrollContainerViewManager
04-03 15:40:28.895 14090 14327 W unknown:ViewManagerPropertyUpdater: Could not find generated setter for class com.facebook.react.views.progressbar.ReactProgressBarViewManager
04-03 15:40:28.895 14090 14327 W unknown:ViewManagerPropertyUpdater: Could not find generated setter for class com.facebook.react.views.progressbar.ProgressBarShadowNode
04-03 15:40:28.896 14090 14327 W unknown:ViewManagerPropertyUpdater: Could not find generated setter for class com.facebook.react.views.scroll.ReactScrollViewManager
04-03 15:40:28.896 14090 14327 W unknown:ViewManagerPropertyUpdater: Could not find generated setter for class com.facebook.react.views.slider.ReactSliderManager
04-03 15:40:28.897 14090 14327 W unknown:ViewManagerPropertyUpdater: Could not find generated setter for class com.facebook.react.views.slider.ReactSliderManager$ReactSliderShadowNode
04-03 15:40:28.898 14090 14327 W unknown:ViewManagerPropertyUpdater: Could not find generated setter for class com.facebook.react.views.switchview.ReactSwitchManager
04-03 15:40:28.898 14090 14327 W unknown:ViewManagerPropertyUpdater: Could not find generated setter for class com.facebook.react.views.switchview.ReactSwitchManager$ReactSwitchShadowNode
04-03 15:40:28.898 14090 14327 W unknown:ViewManagerPropertyUpdater: Could not find generated setter for class com.facebook.react.views.swiperefresh.SwipeRefreshLayoutManager
04-03 15:40:28.899 14090 14327 W unknown:ViewManagerPropertyUpdater: Could not find generated setter for class com.facebook.react.views.text.frescosupport.FrescoBasedReactTextInlineImageViewManager
04-03 15:40:28.899 14090 14327 W unknown:ViewManagerPropertyUpdater: Could not find generated setter for class com.facebook.react.views.text.frescosupport.FrescoBasedReactTextInlineImageShadowNode
04-03 15:40:28.899 14090 14327 W unknown:ViewManagerPropertyUpdater: Could not find generated setter for class com.facebook.react.views.image.ReactImageManager
04-03 15:40:28.900 14090 14327 W unknown:ViewManagerPropertyUpdater: Could not find generated setter for class com.facebook.react.views.modal.ReactModalHostManager
04-03 15:40:28.900 14090 14327 W unknown:ViewManagerPropertyUpdater: Could not find generated setter for class com.facebook.react.views.modal.ModalHostShadowNode
04-03 15:40:28.900 14090 14327 W unknown:ViewManagerPropertyUpdater: Could not find generated setter for class com.facebook.react.views.text.ReactRawTextManager
04-03 15:40:28.900 14090 14327 W unknown:ViewManagerPropertyUpdater: Could not find generated setter for class com.facebook.react.views.text.ReactRawTextShadowNode
04-03 15:40:28.901 14090 14327 W unknown:ViewManagerPropertyUpdater: Could not find generated setter for class com.facebook.react.views.textinput.ReactTextInputManager
04-03 15:40:28.902 14090 14327 W unknown:ViewManagerPropertyUpdater: Could not find generated setter for class com.facebook.react.views.textinput.ReactTextInputShadowNode
04-03 15:40:28.902 14090 14327 W unknown:ViewManagerPropertyUpdater: Could not find generated setter for class com.facebook.react.views.text.ReactTextViewManager
04-03 15:40:28.903 14090 14327 W unknown:ViewManagerPropertyUpdater: Could not find generated setter for class com.facebook.react.views.text.ReactTextShadowNode
04-03 15:40:28.903 14090 14327 W unknown:ViewManagerPropertyUpdater: Could not find generated setter for class com.facebook.react.views.view.ReactViewManager
04-03 15:40:28.904 14090 14327 W unknown:ViewManagerPropertyUpdater: Could not find generated setter for class com.facebook.react.views.text.ReactVirtualTextViewManager
04-03 15:40:28.904 14090 14327 W unknown:ViewManagerPropertyUpdater: Could not find generated setter for class com.facebook.react.views.text.ReactVirtualTextShadowNode
04-03 15:40:28.904 14090 14327 W unknown:ViewManagerPropertyUpdater: Could not find generated setter for class com.facebook.react.views.unimplementedview.ReactUnimplementedViewManager
04-03 15:40:28.904 14090 14327 W unknown:ViewManagerPropertyUpdater: Could not find generated setter for class com.swmansion.gesturehandler.react.RNGestureHandlerRootViewManager
04-03 15:40:28.905 14090 14327 W unknown:ViewManagerPropertyUpdater: Could not find generated setter for class com.swmansion.gesturehandler.react.RNGestureHandlerButtonViewManager
04-03 15:40:28.907 14090 14090 W unknown:ReactNative: Packager connection already open, nooping.
04-03 15:40:28.981 14090 14330 I ReactNativeJNI: received didPause for reason: 0 in state: RunningDetached
04-03 15:40:29.292 14090 14330 I ReactNativeJS: Running "DoubleLoadRepro" with {"rootTag":41}
04-03 15:40:29.350   548  6612 I system_server: oneway function results will be dropped but finished with status OK and parcel size 4
04-03 15:40:29.490 14090 14090 I ReactNative: [GESTURE HANDLER] Initialize gesture handler for root view com.swmansion.gesturehandler.react.RNGestureHandlerEnabledRootView{474da26 V.E...... ......ID 0,0-1440,2700 #29}
04-03 15:40:29.492 14090 14149 E unknown:ReactContextBaseJavaModule: Unhandled SoftException
04-03 15:40:29.492 14090 14149 E unknown:ReactContextBaseJavaModule: java.lang.RuntimeException: Catalyst Instance has already disappeared: requested by WebSocketModule
04-03 15:40:29.492 14090 14149 E unknown:ReactContextBaseJavaModule: 	at com.facebook.react.bridge.ReactContextBaseJavaModule.getReactApplicationContextIfActiveOrWarn(ReactContextBaseJavaModule.java:67)
04-03 15:40:29.492 14090 14149 E unknown:ReactContextBaseJavaModule: 	at com.facebook.react.modules.websocket.WebSocketModule.sendEvent(WebSocketModule.java:62)
04-03 15:40:29.492 14090 14149 E unknown:ReactContextBaseJavaModule: 	at com.facebook.react.modules.websocket.WebSocketModule.access$100(WebSocketModule.java:40)
04-03 15:40:29.492 14090 14149 E unknown:ReactContextBaseJavaModule: 	at com.facebook.react.modules.websocket.WebSocketModule$1.onMessage(WebSocketModule.java:190)
04-03 15:40:29.492 14090 14149 E unknown:ReactContextBaseJavaModule: 	at okhttp3.internal.ws.RealWebSocket.onReadMessage(RealWebSocket.java:323)
04-03 15:40:29.492 14090 14149 E unknown:ReactContextBaseJavaModule: 	at okhttp3.internal.ws.WebSocketReader.readMessageFrame(WebSocketReader.java:219)
04-03 15:40:29.492 14090 14149 E unknown:ReactContextBaseJavaModule: 	at okhttp3.internal.ws.WebSocketReader.processNextFrame(WebSocketReader.java:105)
04-03 15:40:29.492 14090 14149 E unknown:ReactContextBaseJavaModule: 	at okhttp3.internal.ws.RealWebSocket.loopReader(RealWebSocket.java:274)
04-03 15:40:29.492 14090 14149 E unknown:ReactContextBaseJavaModule: 	at okhttp3.internal.ws.RealWebSocket$2.onResponse(RealWebSocket.java:214)
04-03 15:40:29.492 14090 14149 E unknown:ReactContextBaseJavaModule: 	at okhttp3.RealCall$AsyncCall.execute(RealCall.java:203)
