04-03 15:41:48.154 14172 14498 E unknown:ReactContextBaseJavaModule: 	at com.facebook.react.bridge.ReactContextBaseJavaModule.getReactApplicationContextIfActiveOrWarn(ReactContextBaseJavaModule.java:67)
04-03 15:41:48.154 14172 14498 E unknown:ReactContextBaseJavaModule: 	at com.facebook.react.modules.websocket.WebSocketModule.sendEvent(WebSocketModule.java:62)
04-03 15:41:48.154 14172 14498 E unknown:ReactContextBaseJavaModule: 	at com.facebook.react.modules.websocket.WebSocketModule.access$100(WebSocketModule.java:40)
04-03 15:41:48.154 14172 14498 E unknown:ReactContextBaseJavaModule: 	at com.facebook.react.modules.websocket.WebSocketModule$1.onMessage(WebSocketModule.java:190)
04-03 15:41:48.154 14172 14498 E unknown:ReactContextBaseJavaModule: 	at okhttp3.internal.ws.RealWebSocket.onReadMessage(RealWebSocket.kt:333)
04-03 15:41:48.154 14172 14498 E unknown:ReactContextBaseJavaModule: 	at okhttp3.internal.ws.WebSocketReader.readMessageFrame(WebSocketReader.kt:245)
04-03 15:41:48.154 14172 14498 E unknown:ReactContextBaseJavaModule: 	at okhttp3.internal.ws.WebSocketReader.processNextFrame(WebSocketReader.kt:106)
04-03 15:41:48.154 14172 14498 E unknown:ReactContextBaseJavaModule: 	at okhttp3.internal.ws.RealWebSocket.loopReader(RealWebSocket.kt:293)
04-03 15:41:48.154 14172 14498 E unknown:ReactContextBaseJavaModule: 	at okhttp3.internal.ws.RealWebSocket$connect$1.onResponse(RealWebSocket.kt:195)
04-03 15:41:48.154 14172 14498 E unknown:ReactContextBaseJavaModule: 	at okhttp3.internal.connection.RealCall$AsyncCall.run(RealCall.kt:519)
04-03 15:41:48.154 14172 14498 E unknown:ReactContextBaseJavaModule: 	at java.util.concurrent.ThreadPoolExecutor.runWorker(ThreadPoolExecutor.java:1167)
04-03 15:41:48.154 14172 14498 E unknown:ReactContextBaseJavaModule: 	at java.util.concurrent.ThreadPoolExecutor$Worker.run(ThreadPoolExecutor.java:641)
04-03 15:41:48.154 14172 14498 E unknown:ReactContextBaseJavaModule: 	at java.lang.Thread.run(Thread.java:923)
04-03 15:41:48.154 14090 14260 E unknown:ReactContextBaseJavaModule: Unhandled SoftException
04-03 15:41:48.154 14090 14260 E unknown:ReactContextBaseJavaModule: java.lang.RuntimeException: Catalyst Instance has already disappeared: requested by WebSocketModule
04-03 15:41:48.154 14090 14260 E unknown:ReactContextBaseJavaModule: 	at com.facebook.react.bridge.ReactContextBaseJavaModule.getReactApplicationContextIfActiveOrWarn(ReactContextBaseJavaModule.java:67)
04-03 15:41:48.154 14090 14260 E unknown:ReactContextBaseJavaModule: 	at com.facebook.react.modules.websocket.WebSocketModule.sendEvent(WebSocketModule.java:62)
04-03 15:41:48.154 14090 14260 E unknown:ReactContextBaseJavaModule: 	at com.facebook.react.modules.websocket.WebSocketModule.access$100(WebSocketModule.java:40)
04-03 15:41:48.154 14090 14260 E unknown:ReactContextBaseJavaModule: 	at com.facebook.react.modules.websocket.WebSocketModule$1.onMessage(WebSocketModule.java:190)
04-03 15:41:48.154 14090 14260 E unknown:ReactContextBaseJavaModule: 	at okhttp3.internal.ws.RealWebSocket.onReadMessage(RealWebSocket.java:323)
04-03 15:41:48.154 14090 14260 E unknown:ReactContextBaseJavaModule: 	at okhttp3.internal.ws.WebSocketReader.readMessageFrame(WebSocketReader.java:219)
04-03 15:41:48.154 14090 14260 E unknown:ReactContextBaseJavaModule: 	at okhttp3.internal.ws.WebSocketReader.processNextFrame(WebSocketReader.java:105)
04-03 15:41:48.154 14090 14260 E unknown:ReactContextBaseJavaModule: 	at okhttp3.internal.ws.RealWebSocket.loopReader(RealWebSocket.java:274)
04-03 15:41:48.154 14090 14260 E unknown:ReactContextBaseJavaModule: 	at okhttp3.internal.ws.RealWebSocket$2.onResponse(RealWebSocket.java:214)
04-03 15:41:48.154 14090 14260 E unknown:ReactContextBaseJavaModule: 	at okhttp3.RealCall$AsyncCall.execute(RealCall.java:203)
04-03 15:41:48.154 14090 14260 E unknown:ReactContextBaseJavaModule: 	at okhttp3.internal.NamedRunnable.run(NamedRunnable.java:32)
04-03 15:41:48.154 14090 14260 E unknown:ReactContextBaseJavaModule: 	at java.util.concurrent.ThreadPoolExecutor.runWorker(ThreadPoolExecutor.java:1167)
04-03 15:41:48.154 14090 14260 E unknown:ReactContextBaseJavaModule: 	at java.util.concurrent.ThreadPoolExecutor$Worker.run(ThreadPoolExecutor.java:641)
04-03 15:41:48.154 14090 14260 E unknown:ReactContextBaseJavaModule: 	at java.lang.Thread.run(Thread.java:923)
04-03 15:41:48.154 14090 14289 E unknown:ReactContextBaseJavaModule: Unhandled SoftException
04-03 15:41:48.154 14090 14289 E unknown:ReactContextBaseJavaModule: java.lang.RuntimeException: Catalyst Instance has already disappeared: requested by WebSocketModule
04-03 15:41:48.154 14090 14289 E unknown:ReactContextBaseJavaModule: 	at com.facebook.react.bridge.ReactContextBaseJavaModule.getReactApplicationContextIfActiveOrWarn(ReactContextBaseJavaModule.java:67)
04-03 15:41:48.154 14090 14289 E unknown:ReactContextBaseJavaModule: 	at com.facebook.react.modules.websocket.WebSocketModule.sendEvent(WebSocketModule.java:62)
04-03 15:41:48.154 14090 14289 E unknown:ReactContextBaseJavaModule: 	at com.facebook.react.modules.websocket.WebSocketModule.access$100(WebSocketModule.java:40)
04-03 15:41:48.154 14090 14289 E unknown:ReactContextBaseJavaModule: 	at com.facebook.react.modules.websocket.WebSocketModule$1.onMessage(WebSocketModule.java:190)
04-03 15:41:48.154 14090 14289 E unknown:ReactContextBaseJavaModule: 	at okhttp3.internal.ws.RealWebSocket.onReadMessage(RealWebSocket.java:323)
04-03 15:41:48.154 14090 14289 E unknown:ReactContextBaseJavaModule: 	at okhttp3.internal.ws.WebSocketReader.readMessageFrame(WebSocketReader.java:219)
04-03 15:41:48.154 14090 14289 E unknown:ReactContextBaseJavaModule: 	at okhttp3.internal.ws.WebSocketReader.processNextFrame(WebSocketReader.java:105)
04-03 15:41:48.154 14090 14289 E unknown:ReactContextBaseJavaModule: 	at okhttp3.internal.ws.RealWebSocket.loopReader(RealWebSocket.java:274)
04-03 15:41:48.154 14090 14289 E unknown:ReactContextBaseJavaModule: 	at okhttp3.internal.ws.RealWebSocket$2.onResponse(RealWebSocket.java:214)
04-03 15:41:48.154 14090 14289 E unknown:ReactContextBaseJavaModule: 	at okhttp3.RealCall$AsyncCall.execute(RealCall.java:203)
04-03 15:41:48.154 14090 14289 E unknown:ReactContextBaseJavaModule: 	at okhttp3.internal.NamedRunnable.run(NamedRunnable.java:32)
04-03 15:41:48.154 14090 14289 E unknown:ReactContextBaseJavaModule: 	at java.util.concurrent.ThreadPoolExecutor.runWorker(ThreadPoolExecutor.java:1167)
04-03 15:41:48.154 14090 14289 E unknown:ReactContextBaseJavaModule: 	at java.util.concurrent.ThreadPoolExecutor$Worker.run(ThreadPoolExecutor.java:641)
04-03 15:41:48.154 14090 14289 E unknown:ReactContextBaseJavaModule: 	at java.lang.Thread.run(Thread.java:923)
04-03 15:41:48.154 14172 14474 E unknown:ReactContextBaseJavaModule: Unhandled SoftException
04-03 15:41:48.154 14172 14474 E unknown:ReactContextBaseJavaModule: java.lang.RuntimeException: Catalyst Instance has already disappeared: requested by WebSocketModule
04-03 15:41:48.154 14172 14474 E unknown:ReactContextBaseJavaModule: 	at com.facebook.react.bridge.ReactContextBaseJavaModule.getReactApplicationContextIfActiveOrWarn(ReactContextBaseJavaModule.java:67)
04-03 15:41:48.154 14172 14474 E unknown:ReactContextBaseJavaModule: 	at com.facebook.react.modules.websocket.WebSocketModule.sendEvent(WebSocketModule.java:62)
04-03 15:41:48.154 14172 14474 E unknown:ReactContextBaseJavaModule: 	at com.facebook.react.modules.websocket.WebSocketModule.access$100(WebSocketModule.java:40)
04-03 15:41:48.154 14172 14474 E unknown:ReactContextBaseJavaModule: 	at com.facebook.react.modules.websocket.WebSocketModule$1.onMessage(WebSocketModule.java:190)
04-03 15:41:48.154 14172 14474 E unknown:ReactContextBaseJavaModule: 	at okhttp3.internal.ws.RealWebSocket.onReadMessage(RealWebSocket.kt:333)
04-03 15:41:48.154 14172 14474 E unknown:ReactContextBaseJavaModule: 	at okhttp3.internal.ws.WebSocketReader.readMessageFrame(WebSocketReader.kt:245)
04-03 15:41:48.154 14172 14474 E unknown:ReactContextBaseJavaModule: 	at okhttp3.internal.ws.WebSocketReader.processNextFrame(WebSocketReader.kt:106)
04-03 15:41:48.154 14172 14474 E unknown:ReactContextBaseJavaModule: 	at okhttp3.internal.ws.RealWebSocket.loopReader(RealWebSocket.kt:293)
04-03 15:41:48.154 14172 14474 E unknown:ReactContextBaseJavaModule: 	at okhttp3.internal.ws.RealWebSocket$connect$1.onResponse(RealWebSocket.kt:195)
04-03 15:41:48.154 14172 14474 E unknown:ReactContextBaseJavaModule: 	at okhttp3.internal.connection.RealCall$AsyncCall.run(RealCall.kt:519)
04-03 15:41:48.154 14172 14474 E unknown:ReactContextBaseJavaModule: 	at java.util.concurrent.ThreadPoolExecutor.runWorker(ThreadPoolExecutor.java:1167)
04-03 15:41:48.154 14172 14474 E unknown:ReactContextBaseJavaModule: 	at java.util.concurrent.ThreadPoolExecutor$Worker.run(ThreadPoolExecutor.java:641)
04-03 15:41:48.154 14172 14474 E unknown:ReactContextBaseJavaModule: 	at java.lang.Thread.run(Thread.java:923)
04-03 15:41:48.154 14090 14289 E unknown:ReactContextBaseJavaModule: Unhandled SoftException
04-03 15:41:48.154 14090 14289 E unknown:ReactContextBaseJavaModule: java.lang.RuntimeException: Catalyst Instance has already disappeared: requested by WebSocketModule
04-03 15:41:48.154 14090 14289 E unknown:ReactContextBaseJavaModule: 	at com.facebook.react.bridge.ReactContextBaseJavaModule.getReactApplicationContextIfActiveOrWarn(ReactContextBaseJavaModule.java:67)
04-03 15:41:48.154 14090 14289 E unknown:ReactContextBaseJavaModule: 	at com.facebook.react.modules.websocket.WebSocketModule.sendEvent(WebSocketModule.java:62)
04-03 15:41:48.154 14090 14289 E unknown:ReactContextBaseJavaModule: 	at com.facebook.react.modules.websocket.WebSocketModule.access$100(WebSocketModule.java:40)
04-03 15:41:48.154 14090 14289 E unknown:ReactContextBaseJavaModule: 	at com.facebook.react.modules.websocket.WebSocketModule$1.onMessage(WebSocketModule.java:190)
04-03 15:41:48.154 14090 14289 E unknown:ReactContextBaseJavaModule: 	at okhttp3.internal.ws.RealWebSocket.onReadMessage(RealWebSocket.java:323)
04-03 15:41:48.154 14090 14289 E unknown:ReactContextBaseJavaModule: 	at okhttp3.internal.ws.WebSocketReader.readMessageFrame(WebSocketReader.java:219)
04-03 15:41:48.154 14090 14289 E unknown:ReactContextBaseJavaModule: 	at okhttp3.internal.ws.WebSocketReader.processNextFrame(WebSocketReader.java:105)
04-03 15:41:48.154 14090 14289 E unknown:ReactContextBaseJavaModule: 	at okhttp3.internal.ws.RealWebSocket.loopReader(RealWebSocket.java:274)
04-03 15:41:48.154 14090 14289 E unknown:ReactContextBaseJavaModule: 	at okhttp3.internal.ws.RealWebSocket$2.onResponse(RealWebSocket.java:214)
04-03 15:41:48.154 14090 14289 E unknown:ReactContextBaseJavaModule: 	at okhttp3.RealCall$AsyncCall.execute(RealCall.java:203)
04-03 15:41:48.154 14090 14289 E unknown:ReactContextBaseJavaModule: 	at okhttp3.internal.NamedRunnable.run(NamedRunnable.java:32)
04-03 15:41:48.154 14090 14289 E unknown:ReactContextBaseJavaModule: 	at java.util.concurrent.ThreadPoolExecutor.runWorker(ThreadPoolExecutor.java:1167)
04-03 15:41:48.154 14090 14289 E unknown:ReactContextBaseJavaModule: 	at java.util.concurrent.ThreadPoolExecutor$Worker.run(ThreadPoolExecutor.java:641)
04-03 15:41:48.154 14090 14289 E unknown:ReactContextBaseJavaModule: 	at java.lang.Thread.run(Thread.java:923)
04-03 15:41:48.154 14090 14289 E unknown:ReactContextBaseJavaModule: Unhandled SoftException
04-03 15:41:48.154 14090 14289 E unknown:ReactContextBaseJavaModule: java.lang.RuntimeException: Catalyst Instance has already disappeared: requested by WebSocketModule
04-03 15:41:48.154 14090 14289 E unknown:ReactContextBaseJavaModule: 	at com.facebook.react.bridge.ReactContextBaseJavaModule.getReactApplicationContextIfActiveOrWarn(ReactContextBaseJavaModule.java:67)
04-03 15:41:48.154 14090 14289 E unknown:ReactContextBaseJavaModule: 	at com.facebook.react.modules.websocket.WebSocketModule.sendEvent(WebSocketModule.java:62)
04-03 15:41:48.154 14090 14289 E unknown:ReactContextBaseJavaModule: 	at com.facebook.react.modules.websocket.WebSocketModule.access$100(WebSocketModule.java:40)
04-03 15:41:48.154 14090 14289 E unknown:ReactContextBaseJavaModule: 	at com.facebook.react.modules.websocket.WebSocketModule$1.onMessage(WebSocketModule.java:190)
04-03 15:41:48.154 14090 14289 E unknown:ReactContextBaseJavaModule: 	at okhttp3.internal.ws.RealWebSocket.onReadMessage(RealWebSocket.java:323)
04-03 15:41:48.154 14090 14289 E unknown:ReactContextBaseJavaModule: 	at okhttp3.internal.ws.WebSocketReader.readMessageFrame(WebSocketReader.java:219)
04-03 15:41:48.154 14090 14289 E unknown:ReactContextBaseJavaModule: 	at okhttp3.internal.ws.WebSocketReader.processNextFrame(WebSocketReader.java:105)
04-03 15:41:48.154 14090 14289 E unknown:ReactContextBaseJavaModule: 	at okhttp3.internal.ws.RealWebSocket.loopReader(RealWebSocket.java:274)
04-03 15:41:48.154 14090 14289 E unknown:ReactContextBaseJavaModule: 	at okhttp3.internal.ws.RealWebSocket$2.onResponse(RealWebSocket.java:214)
04-03 15:41:48.154 14090 14289 E unknown:ReactContextBaseJavaModule: 	at okhttp3.RealCall$AsyncCall.execute(RealCall.java:203)
04-03 15:41:48.154 14090 14289 E unknown:ReactContextBaseJavaModule: 	at okhttp3.internal.NamedRunnable.run(NamedRunnable.java:32)
04-03 15:41:48.154 14090 14289 E unknown:ReactContextBaseJavaModule: 	at java.util.concurrent.ThreadPoolExecutor.runWorker(ThreadPoolExecutor.java:1167)
04-03 15:41:48.154 14090 14289 E unknown:ReactContextBaseJavaModule: 	at java.util.concurrent.ThreadPoolExecutor$Worker.run(ThreadPoolExecutor.java:641)
04-03 15:41:48.154 14090 14289 E unknown:ReactContextBaseJavaModule: 	at java.lang.Thread.run(Thread.java:923)
04-03 15:41:48.155 14172 14474 E unknown:ReactContextBaseJavaModule: Unhandled SoftException
04-03 15:41:48.155 14172 14474 E unknown:ReactContextBaseJavaModule: java.lang.RuntimeException: Catalyst Instance has already disappeared: requested by WebSocketModule
04-03 15:41:48.155 14172 14474 E unknown:ReactContextBaseJavaModule: 	at com.facebook.react.bridge.ReactContextBaseJavaModule.getReactApplicationContextIfActiveOrWarn(ReactContextBaseJavaModule.java:67)
04-03 15:41:48.155 14172 14474 E unknown:ReactContextBaseJavaModule: 	at com.facebook.react.modules.websocket.WebSocketModule.sendEvent(WebSocketModule.java:62)
04-03 15:41:48.155 14172 14474 E unknown:ReactContextBaseJavaModule: 	at com.facebook.react.modules.websocket.WebSocketModule.access$100(WebSocketModule.java:40)
04-03 15:41:48.155 14172 14474 E unknown:ReactContextBaseJavaModule: 	at com.facebook.react.modules.websocket.WebSocketModule$1.onMessage(WebSocketModule.java:190)
04-03 15:41:48.155 14172 14474 E unknown:ReactContextBaseJavaModule: 	at okhttp3.internal.ws.RealWebSocket.onReadMessage(RealWebSocket.kt:333)
04-03 15:41:48.155 14172 14474 E unknown:ReactContextBaseJavaModule: 	at okhttp3.internal.ws.WebSocketReader.readMessageFrame(WebSocketReader.kt:245)
04-03 15:41:48.155 14172 14474 E unknown:ReactContextBaseJavaModule: 	at okhttp3.internal.ws.WebSocketReader.processNextFrame(WebSocketReader.kt:106)
04-03 15:41:48.155 14172 14474 E unknown:ReactContextBaseJavaModule: 	at okhttp3.internal.ws.RealWebSocket.loopReader(RealWebSocket.kt:293)
04-03 15:41:48.155 14172 14474 E unknown:ReactContextBaseJavaModule: 	at okhttp3.internal.ws.RealWebSocket$connect$1.onResponse(RealWebSocket.kt:195)
04-03 15:41:48.155 14172 14474 E unknown:ReactContextBaseJavaModule: 	at okhttp3.internal.connection.RealCall$AsyncCall.run(RealCall.kt:519)
04-03 15:41:48.155 14172 14474 E unknown:ReactContextBaseJavaModule: 	at java.util.concurrent.ThreadPoolExecutor.runWorker(ThreadPoolExecutor.java:1167)
04-03 15:41:48.155 14172 14474 E unknown:ReactContextBaseJavaModule: 	at java.util.concurrent.ThreadPoolExecutor$Worker.run(ThreadPoolExecutor.java:641)
04-03 15:41:48.155 14172 14474 E unknown:ReactContextBaseJavaModule: 	at java.lang.Thread.run(Thread.java:923)
04-03 15:41:48.156 14172 14474 E unknown:ReactContextBaseJavaModule: Unhandled SoftException
04-03 15:41:48.156 14172 14474 E unknown:ReactContextBaseJavaModule: java.lang.RuntimeException: Catalyst Instance has already disappeared: requested by WebSocketModule
04-03 15:41:48.156 14172 14474 E unknown:ReactContextBaseJavaModule: 	at com.facebook.react.bridge.ReactContextBaseJavaModule.getReactApplicationContextIfActiveOrWarn(ReactContextBaseJavaModule.java:67)
04-03 15:41:48.156 14172 14474 E unknown:ReactContextBaseJavaModule: 	at com.facebook.react.modules.websocket.WebSocketModule.sendEvent(WebSocketModule.java:62)
04-03 15:41:48.156 14172 14474 E unknown:ReactContextBaseJavaModule: 	at com.facebook.react.modules.websocket.WebSocketModule.access$100(WebSocketModule.java:40)
04-03 15:41:48.156 14172 14474 E unknown:ReactContextBaseJavaModule: 	at com.facebook.react.modules.websocket.WebSocketModule$1.onMessage(WebSocketModule.java:190)
04-03 15:41:48.156 14172 14474 E unknown:ReactContextBaseJavaModule: 	at okhttp3.internal.ws.RealWebSocket.onReadMessage(RealWebSocket.kt:333)
04-03 15:41:48.156 14172 14474 E unknown:ReactContextBaseJavaModule: 	at okhttp3.internal.ws.WebSocketReader.readMessageFrame(WebSocketReader.kt:245)
04-03 15:41:48.156 14172 14474 E unknown:ReactContextBaseJavaModule: 	at okhttp3.internal.ws.WebSocketReader.processNextFrame(WebSocketReader.kt:106)
04-03 15:41:48.156 14172 14474 E unknown:ReactContextBaseJavaModule: 	at okhttp3.internal.ws.RealWebSocket.loopReader(RealWebSocket.kt:293)
04-03 15:41:48.156 14172 14474 E unknown:ReactContextBaseJavaModule: 	at okhttp3.internal.ws.RealWebSocket$connect$1.onResponse(RealWebSocket.kt:195)
04-03 15:41:48.156 14172 14474 E unknown:ReactContextBaseJavaModule: 	at okhttp3.internal.connection.RealCall$AsyncCall.run(RealCall.kt:519)
04-03 15:41:48.156 14172 14474 E unknown:ReactContextBaseJavaModule: 	at java.util.concurrent.ThreadPoolExecutor.runWorker(ThreadPoolExecutor.java:1167)
04-03 15:41:48.156 14172 14474 E unknown:ReactContextBaseJavaModule: 	at java.util.concurrent.ThreadPoolExecutor$Worker.run(ThreadPoolExecutor.java:641)
04-03 15:41:48.156 14172 14474 E unknown:ReactContextBaseJavaModule: 	at java.lang.Thread.run(Thread.java:923)
04-03 15:41:48.360   548   548 W WindowManager: removeWindowToken: Attempted to remove non-existing token: android.os.Binder@f600c6
04-03 15:41:48.960   321   321 I android.hardware.vibrator-service.example: Vibrator reporting capabilities
04-03 15:41:48.961   321   321 I android.hardware.vibrator-service.example: Vibrator off
04-03 15:41:48.961   321   321 I android.hardware.vibrator-service.example: Vibrator perform
04-03 15:41:48.961   321 14536 I android.hardware.vibrator-service.example: Starting perform on another thread
04-03 15:41:48.965   548  6612 I system_server: oneway function results will be dropped but finished with status OK and parcel size 4
04-03 15:41:48.965   548  6612 I system_server: oneway function results will be dropped but finished with status OK and parcel size 4
04-03 15:41:48.994  1042  8756 D TaplEvents: Main / onOverviewToggle
04-03 15:41:48.996   548   567 D AutofillManagerService: Close system dialogs
04-03 15:41:48.997   548  6612 I ActivityTaskManager: START u0 {act=android.intent.action.MAIN cat=[android.intent.category.HOME] flg=0x10000000 pkg=com.google.android.apps.nexuslauncher cmp=com.google.android.apps.nexuslauncher/.NexusLauncherActivity (has extras)} from uid 10137
04-03 15:41:48.997   548   570 D EventSequenceValidator: Transition from ACTIVITY_FINISHED to INTENT_STARTED
04-03 15:41:49.000   548  6612 W InputReader: Device virtio_input_multi_touch_9 is associated with display ADISPLAY_ID_NONE.
04-03 15:41:49.000   548  6612 W InputReader: Device virtio_input_multi_touch_7 is associated with display ADISPLAY_ID_NONE.
04-03 15:41:49.000   548  6612 W InputReader: Device virtio_input_multi_touch_10 is associated with display ADISPLAY_ID_NONE.
04-03 15:41:49.000   548  6612 W InputReader: Device virtio_input_multi_touch_4 is associated with display ADISPLAY_ID_NONE.
04-03 15:41:49.000   548  6612 W InputReader: Device virtio_input_multi_touch_11 is associated with display ADISPLAY_ID_NONE.
04-03 15:41:49.000   548  6612 W InputReader: Device virtio_input_multi_touch_5 is associated with display ADISPLAY_ID_NONE.
04-03 15:41:49.000   548  6612 W InputReader: Device virtio_input_multi_touch_2 is associated with display ADISPLAY_ID_NONE.
04-03 15:41:49.000   548  6612 W InputReader: Device virtio_input_multi_touch_6 is associated with display ADISPLAY_ID_NONE.
04-03 15:41:49.000   548  6612 W InputReader: Device virtio_input_multi_touch_3 is associated with display ADISPLAY_ID_NONE.
04-03 15:41:49.000   548  6612 W InputReader: Device virtio_input_multi_touch_8 is associated with display ADISPLAY_ID_NONE.
04-03 15:41:49.000   355   355 I perfetto: ing_service_impl.cc:758 Configured tracing session 86, #sources:1, duration:5000 ms, #buffers:1, total buffer size:4096 KB, total sessions:1, uid:1071 session name: ""
04-03 15:41:49.000   548  6612 W InputReader: Device virtio_input_multi_touch_9 is associated with display ADISPLAY_ID_NONE.
04-03 15:41:49.000   548  6612 W InputReader: Device virtio_input_multi_touch_7 is associated with display ADISPLAY_ID_NONE.
04-03 15:41:49.000   548  6612 W InputReader: Device virtio_input_multi_touch_10 is associated with display ADISPLAY_ID_NONE.
04-03 15:41:49.000   548  6612 W InputReader: Device virtio_input_multi_touch_4 is associated with display ADISPLAY_ID_NONE.
04-03 15:41:49.000   548  6612 W InputReader: Device virtio_input_multi_touch_11 is associated with display ADISPLAY_ID_NONE.
04-03 15:41:49.000   548  6612 W InputReader: Device virtio_input_multi_touch_5 is associated with display ADISPLAY_ID_NONE.
04-03 15:41:49.000   548  6612 W InputReader: Device virtio_input_multi_touch_2 is associated with display ADISPLAY_ID_NONE.
04-03 15:41:49.000   548  6612 W InputReader: Device virtio_input_multi_touch_6 is associated with display ADISPLAY_ID_NONE.
04-03 15:41:49.000   548  6612 W InputReader: Device virtio_input_multi_touch_3 is associated with display ADISPLAY_ID_NONE.
04-03 15:41:49.000   548  6612 W InputReader: Device virtio_input_multi_touch_8 is associated with display ADISPLAY_ID_NONE.
04-03 15:41:49.001   353   353 I perfetto: probes_producer.cc:230  Ftrace setup (target_buf=86)
04-03 15:41:49.001   712   712 V ShadeControllerImpl: NotificationShadeWindow: com.android.systemui.statusbar.phone.NotificationShadeWindowView{857b10 I.E...... ......ID 0,0-1440,3040} canPanelBeCollapsed(): false
04-03 15:41:49.008  1042  1042 D TaplTarget: Launcher.onNewIntent: Intent { act=android.intent.action.MAIN cat=[android.intent.category.HOME] flg=0x10400000 pkg=com.google.android.apps.nexuslauncher cmp=com.google.android.apps.nexuslauncher/.NexusLauncherActivity (has extras) }
04-03 15:41:49.008   548   570 D EventSequenceValidator: Transition from INTENT_STARTED to ACTIVITY_LAUNCHED
04-03 15:41:49.008  1042  1042 D RecentsOrientedState: current RecentsOrientedState: [this=RecentsOrientedState@228e352 mOrientationHandler=PortraitPagedViewHandler@417f623 mDisplayRotation=0 mTouchRotation=0 mRecentsActivityRotation=0 isRecentsActivityRotationAllowed=false mSystemRotation=false mFlags=291]
04-03 15:41:49.009  1042  1042 D RecentsOrientedState: current RecentsOrientedState: [this=RecentsOrientedState@228e352 mOrientationHandler=PortraitPagedViewHandler@417f623 mDisplayRotation=0 mTouchRotation=0 mRecentsActivityRotation=0 isRecentsActivityRotationAllowed=false mSystemRotation=false mFlags=291]
04-03 15:41:49.013   548  5048 W ActivityManager: Unable to start service Intent { act=android.service.appprediction.AppPredictionService cmp=com.google.android.as/com.google.android.apps.miphone.aiai.app.AiAiPredictionService } U=0: not found
04-03 15:41:49.013   548  5048 W RemoteAppPredictionService: could not bind to Intent { act=android.service.appprediction.AppPredictionService cmp=com.google.android.as/com.google.android.apps.miphone.aiai.app.AiAiPredictionService } using flags 67108865
04-03 15:41:49.030   353   353 I perfetto: ftrace_procfs.cc:176    enabled ftrace
04-03 15:41:49.040   304   304 D goldfish-address-space: allocate: Ask for block of size 0x10b3000
04-03 15:41:49.040   304   304 D goldfish-address-space: allocate: ioctl allocate returned offset 0x3f2835000 size 0x10b4000
04-03 15:41:49.056   304   414 D goldfish-address-space: allocate: Ask for block of size 0x10b3000
04-03 15:41:49.056   304   414 D goldfish-address-space: allocate: ioctl allocate returned offset 0x3fde98000 size 0x10b4000
04-03 15:41:49.061   321 14536 I android.hardware.vibrator-service.example: Notifying perform complete
04-03 15:41:49.065   321   321 I android.hardware.vibrator-service.example: Vibrator off
04-03 15:41:49.072   304   304 D goldfish-address-space: allocate: Ask for block of size 0x10b3000
04-03 15:41:49.072   304   304 D goldfish-address-space: allocate: ioctl allocate returned offset 0x3f6b05000 size 0x10b4000
04-03 15:41:49.083     0     0 W perfetto: enabled ftrace
04-03 15:41:49.087   304   414 D goldfish-address-space: allocate: Ask for block of size 0x10b3000
04-03 15:41:49.087   304   414 D goldfish-address-space: allocate: ioctl allocate returned offset 0x3f5a51000 size 0x10b4000
04-03 15:41:49.096  1042  1042 I AiAiSuggestUi: Clearing suggestions.
04-03 15:41:49.096  1042  1042 I AiAiSuggestUi: Clearing suggestions.
04-03 15:41:49.104   304   413 D goldfish-address-space: allocate: Ask for block of size 0x10b3000
04-03 15:41:49.104   304   413 D goldfish-address-space: allocate: ioctl allocate returned offset 0x3fad2c000 size 0x10b4000
04-03 15:41:49.122   304   304 D goldfish-address-space: allocate: Ask for block of size 0x10b3000
04-03 15:41:49.123   304   304 D goldfish-address-space: allocate: ioctl allocate returned offset 0x3f9c78000 size 0x10b4000
04-03 15:41:49.127   548  6612 I system_server: oneway function results will be dropped but finished with status OK and parcel size 4
04-03 15:41:49.149   304   413 D goldfish-address-space: allocate: Ask for block of size 0xab0000
04-03 15:41:49.149   304   413 D goldfish-address-space: allocate: ioctl allocate returned offset 0x3ef76e000 size 0xab1000
04-03 15:41:49.163  2568  2617 W ThreadPoolDumper: Queue length for executor EventBus is now 11. Perhaps some tasks are too long, or the pool is too small.
04-03 15:41:49.165  2568  2611 W LocationOracle: No location history returned by ContextManager
04-03 15:41:49.173  1042  1042 D RecentsOrientedState: current RecentsOrientedState: [this=RecentsOrientedState@2ee22b9 mOrientationHandler=PortraitPagedViewHandler@417f623 mDisplayRotation=0 mTouchRotation=0 mRecentsActivityRotation=0 isRecentsActivityRotationAllowed=false mSystemRotation=false mFlags=35]
04-03 15:41:49.173  1042  1042 I chatty  : uid=10137(com.google.android.apps.nexuslauncher) identical 2 lines
04-03 15:41:49.173  1042  1042 D RecentsOrientedState: current RecentsOrientedState: [this=RecentsOrientedState@2ee22b9 mOrientationHandler=PortraitPagedViewHandler@417f623 mDisplayRotation=0 mTouchRotation=0 mRecentsActivityRotation=0 isRecentsActivityRotationAllowed=false mSystemRotation=false mFlags=35]
04-03 15:41:49.175   548   575 D ArtManagerInternalImpl: /data/misc/iorapd/com.google.android.apps.nexuslauncher/821/com.google.android.apps.nexuslauncher.NexusLauncherActivity/compiled_traces/compiled_trace.pb doesn't exist
04-03 15:41:49.176   548   570 D EventSequenceValidator: Transition from ACTIVITY_LAUNCHED to ACTIVITY_FINISHED
04-03 15:41:49.194  2568  2610 E MDD     : DownloadProgressMonitor: Can't find file group for uri: android://com.google.android.googlequicksearchbox/files/sharedminusonemodule/shared/SharedMinusOneData.pb.tmp
04-03 15:41:49.196  2568  2568 I BgTaskExecutorImpl: Starting EXCLUSIVE background task TNG_MINUS_ONE_SYNC.
04-03 15:41:49.197  2568  2617 I TngMinusOneSync: Syncing TNG:-1
04-03 15:41:49.200   305   434 W EmuHWC2 : validate: layer 313 CompositionType 1, fallback
04-03 15:41:49.201  1042  1042 I AiAiSuggestUi: Clearing suggestions.
04-03 15:41:49.202   305   434 W EmuHWC2 : No layers, exit, buffer 0xf4701b90
04-03 15:41:49.216   305   434 W EmuHWC2 : validate: layer 313 CompositionType 1, fallback
04-03 15:41:49.218   305   434 W EmuHWC2 : No layers, exit, buffer 0xf4700690
04-03 15:41:49.225  1042  1059 W System  : A resource failed to call release. 
04-03 15:41:49.225  1042  1059 I chatty  : uid=10137(com.google.android.apps.nexuslauncher) FinalizerDaemon identical 1 line
04-03 15:41:49.225  1042  1059 W System  : A resource failed to call release. 
04-03 15:41:49.233   305   434 W EmuHWC2 : validate: layer 313 CompositionType 1, fallback
04-03 15:41:49.235   305   434 W EmuHWC2 : No layers, exit, buffer 0xf4701b90
04-03 15:41:49.250   305   434 W EmuHWC2 : validate: layer 313 CompositionType 1, fallback
04-03 15:41:49.251   305   434 W EmuHWC2 : No layers, exit, buffer 0xf4700690
04-03 15:41:49.266   305   434 W EmuHWC2 : validate: layer 313 CompositionType 1, fallback
04-03 15:41:49.268   305   434 W EmuHWC2 : No layers, exit, buffer 0xf4701b90
04-03 15:41:49.283   305   434 W EmuHWC2 : validate: layer 313 CompositionType 1, fallback
04-03 15:41:49.284   305   434 W EmuHWC2 : No layers, exit, buffer 0xf4700690
04-03 15:41:49.300   305   434 W EmuHWC2 : validate: layer 313 CompositionType 1, fallback
04-03 15:41:49.301   305   434 W EmuHWC2 : No layers, exit, buffer 0xf4701b90
04-03 15:41:49.311  1042  1042 D TaplEvents: Main / Touch event: MotionEvent { action=ACTION_DOWN, actionButton=0, id[0]=0, x[0]=846.958, y[0]=2225.913, toolType[0]=TOOL_TYPE_FINGER, buttonState=0, classification=NONE, metaState=0, flags=0x1, edgeFlags=0x0, pointerCount=1, historySize=0, eventTime=4646636, downTime=4646636, deviceId=9, source=0x1002, displayId=0 }
04-03 15:41:49.316   305   434 W EmuHWC2 : validate: layer 313 CompositionType 1, fallback
04-03 15:41:49.318   305   434 W EmuHWC2 : No layers, exit, buffer 0xf4700690
04-03 15:41:49.333   305   434 W EmuHWC2 : validate: layer 313 CompositionType 1, fallback
04-03 15:41:49.335   305   434 W EmuHWC2 : No layers, exit, buffer 0xf4701b90
04-03 15:41:49.350   305   434 W EmuHWC2 : validate: layer 313 CompositionType 1, fallback
04-03 15:41:49.351   305   434 W EmuHWC2 : No layers, exit, buffer 0xf4700690
04-03 15:41:49.366   305   434 W EmuHWC2 : validate: layer 313 CompositionType 1, fallback
04-03 15:41:49.368   305   434 W EmuHWC2 : No layers, exit, buffer 0xf4701b90
04-03 15:41:49.383   305   434 W EmuHWC2 : validate: layer 313 CompositionType 1, fallback
04-03 15:41:49.385   305   434 W EmuHWC2 : No layers, exit, buffer 0xf4700690
04-03 15:41:49.400   305   434 W EmuHWC2 : validate: layer 313 CompositionType 1, fallback
04-03 15:41:49.402   305   434 W EmuHWC2 : No layers, exit, buffer 0xf4701b90
04-03 15:41:49.416   305   434 W EmuHWC2 : validate: layer 313 CompositionType 1, fallback
04-03 15:41:49.418   305   434 W EmuHWC2 : No layers, exit, buffer 0xf4700690
04-03 15:41:49.427  1042  1042 D TaplEvents: Main / Touch event: MotionEvent { action=ACTION_UP, actionButton=0, id[0]=0, x[0]=684.9756, y[0]=1211.8994, toolType[0]=TOOL_TYPE_FINGER, buttonState=0, classification=NONE, metaState=0, flags=0x1, edgeFlags=0x0, pointerCount=1, historySize=0, eventTime=4646752, downTime=4646636, deviceId=9, source=0x1002, displayId=0 }
04-03 15:41:49.433   305   434 W EmuHWC2 : validate: layer 313 CompositionType 1, fallback
04-03 15:41:49.434   305   434 W EmuHWC2 : No layers, exit, buffer 0xf4701b90
04-03 15:41:49.449   326   326 E Layer   : [Surface(name=Task=1)/@0x34aa0d6 - animation-leash#0] No local sync point found
04-03 15:41:49.450   326   326 E Layer   : [Surface(name=Task=53)/@0x41277c9 - animation-leash#0] No local sync point found
04-03 15:41:49.455  1042  1042 I AiAiSuggestUi: Clearing suggestions.
04-03 15:41:49.481 14090 14517 I ReactNativeJNI: Memory warning (pressure level: TRIM_MEMORY_UI_HIDDEN) received by JS VM, ignoring because it's non-severe
04-03 15:41:49.587   548   570 I ActivityManager: Killing 14090:com.doubleloadrepro/u0a164 (adj 905): remove task
04-03 15:41:49.588   548   559 W JavaBinder: BinderProxy is being destroyed but the application did not call unlinkToDeath to unlink all of its death recipients beforehand.  Releasing leaked death recipient: com.android.server.AlarmManagerService$2
04-03 15:41:49.589   548   559 I BpBinder: onLastStrongRef automatically unlinking death recipients: <uncached descriptor>
04-03 15:41:49.589  1042  1042 I AiAiSuggestUi: Clearing suggestions.
04-03 15:41:49.589  1042  1042 I AiAiSuggestUi: Clearing suggestions.
04-03 15:41:49.594   548   559 W JavaBinder: BinderProxy is being destroyed but the application did not call unlinkToDeath to unlink all of its death recipients beforehand.  Releasing leaked death recipient: com.android.server.AlarmManagerService$2
04-03 15:41:49.594   548   559 I BpBinder: onLastStrongRef automatically unlinking death recipients: <uncached descriptor>
04-03 15:41:49.596   548   559 W JavaBinder: BinderProxy is being destroyed but the application did not call unlinkToDeath to unlink all of its death recipients beforehand.  Releasing leaked death recipient: com.android.server.AlarmManagerService$2
04-03 15:41:49.596   548   559 I BpBinder: onLastStrongRef automatically unlinking death recipients: <uncached descriptor>
04-03 15:41:49.596   548   559 W JavaBinder: BinderProxy is being destroyed but the application did not call unlinkToDeath to unlink all of its death recipients beforehand.  Releasing leaked death recipient: com.android.server.AlarmManagerService$2
04-03 15:41:49.596   548   559 I BpBinder: onLastStrongRef automatically unlinking death recipients: <uncached descriptor>
04-03 15:41:49.639   548  8211 I WindowManager: WIN DEATH: Window{cabe539 u0 com.doubleloadrepro/com.doubleloadrepro.MainActivity}
04-03 15:41:49.639   548  8211 W InputDispatcher: Attempted to unregister already unregistered input channel 'cabe539 com.doubleloadrepro/com.doubleloadrepro.MainActivity (server)'
04-03 15:41:49.642   291   291 I Zygote  : Process 14090 exited due to signal 9 (Killed)
04-03 15:41:49.645   548   570 W ActivityManager: setHasOverlayUi called on unknown pid: 14090
04-03 15:41:49.674   548   578 I libprocessgroup: Successfully killed process cgroup uid 10164 pid 14090 in 82ms
04-03 15:41:49.792  1042  1042 D TaplEvents: Main / Touch event: MotionEvent { action=ACTION_DOWN, actionButton=0, id[0]=0, x[0]=692.97363, y[0]=1558.8721, toolType[0]=TOOL_TYPE_FINGER, buttonState=0, classification=NONE, metaState=0, flags=0x1, edgeFlags=0x0, pointerCount=1, historySize=0, eventTime=4647116, downTime=4647116, deviceId=9, source=0x1002, displayId=0 }
04-03 15:41:49.885  1042  1042 D TaplEvents: Main / Touch event: MotionEvent { action=ACTION_UP, actionButton=0, id[0]=0, x[0]=688.9746, y[0]=876.89453, toolType[0]=TOOL_TYPE_FINGER, buttonState=0, classification=NONE, metaState=0, flags=0x1, edgeFlags=0x0, pointerCount=1, historySize=0, eventTime=4647210, downTime=4647116, deviceId=9, source=0x1002, displayId=0 }
04-03 15:41:50.891  1042  1042 D TaplEvents: Main / Touch event: MotionEvent { action=ACTION_DOWN, actionButton=0, id[0]=0, x[0]=203.9502, y[0]=1038.877, toolType[0]=TOOL_TYPE_FINGER, buttonState=0, classification=NONE, metaState=0, flags=0x1, edgeFlags=0x0, pointerCount=1, historySize=0, eventTime=4648215, downTime=4648215, deviceId=9, source=0x1002, displayId=0 }
04-03 15:41:50.970  1042  1042 D TaplEvents: Main / Touch event: MotionEvent { action=ACTION_UP, actionButton=0, id[0]=0, x[0]=199.95117, y[0]=1034.8877, toolType[0]=TOOL_TYPE_FINGER, buttonState=0, classification=NONE, metaState=0, flags=0x1, edgeFlags=0x0, pointerCount=1, historySize=0, eventTime=4648295, downTime=4648215, deviceId=9, source=0x1002, displayId=0 }
04-03 15:41:50.984  1042  1042 D TaplEvents: Main / start: startAppShortcutOrInfoActivity
04-03 15:41:50.984   548   570 D EventSequenceValidator: Transition from ACTIVITY_FINISHED to INTENT_STARTED
04-03 15:41:50.985   548  4418 I ActivityTaskManager: START u0 {act=android.intent.action.MAIN cat=[android.intent.category.LAUNCHER] flg=0x10200000 cmp=com.doubleloadrepro/.MainActivity bnds=[47,832][316,1240]} from uid 10137
04-03 15:41:50.985   548  7486 I system_server: oneway function results will be dropped but finished with status OK and parcel size 4
04-03 15:41:50.986   355   355 I perfetto: ing_service_impl.cc:758 Configured tracing session 87, #sources:1, duration:5000 ms, #buffers:1, total buffer size:4096 KB, total sessions:2, uid:1071 session name: ""
04-03 15:41:50.987   353   353 I perfetto: probes_producer.cc:230  Ftrace setup (target_buf=87)
04-03 15:41:50.988   548   570 D CompatibilityChangeReporter: Compat change id reported: 135634846; UID 10164; state: DISABLED
04-03 15:41:50.988   548   548 W ActivityManager: Unable to start service Intent { act=android.service.appprediction.AppPredictionService cmp=com.google.android.as/com.google.android.apps.miphone.aiai.app.AiAiPredictionService } U=0: not found
04-03 15:41:50.988   548   577 D CompatibilityChangeReporter: Compat change id reported: 143937733; UID 10164; state: DISABLED
04-03 15:41:50.988   548   548 W RemoteAppPredictionService: could not bind to Intent { act=android.service.appprediction.AppPredictionService cmp=com.google.android.as/com.google.android.apps.miphone.aiai.app.AiAiPredictionService } using flags 67108865
04-03 15:41:50.989   548   570 D EventSequenceValidator: Transition from INTENT_STARTED to ACTIVITY_LAUNCHED
04-03 15:41:51.002   304   413 D goldfish-address-space: allocate: Ask for block of size 0x10b3000
04-03 15:41:51.002   304   413 D goldfish-address-space: allocate: ioctl allocate returned offset 0x3f8bc4000 size 0x10b4000
04-03 15:41:51.013   291   291 D Zygote  : Forked child process 14554
04-03 15:41:51.015   548   577 I ActivityManager: Start proc 14554:com.doubleloadrepro/u0a164 for pre-top-activity {com.doubleloadrepro/com.doubleloadrepro.MainActivity}
04-03 15:41:51.026 14554 14554 I doubleloadrepr: Not late-enabling -Xcheck:jni (already on)
04-03 15:41:51.042 14554 14554 I doubleloadrepr: Unquickening 12 vdex files!
04-03 15:41:51.043 14554 14554 W doubleloadrepr: Unexpected CPU variant for X86 using defaults: x86
04-03 15:41:51.046   342   402 I adbd    : jdwp connection from 14554
04-03 15:41:51.053   548  4418 W InputReader: Device virtio_input_multi_touch_9 is associated with display ADISPLAY_ID_NONE.
04-03 15:41:51.053   548  4418 W InputReader: Device virtio_input_multi_touch_7 is associated with display ADISPLAY_ID_NONE.
04-03 15:41:51.053   548  4418 W InputReader: Device virtio_input_multi_touch_10 is associated with display ADISPLAY_ID_NONE.
04-03 15:41:51.053   548  4418 W InputReader: Device virtio_input_multi_touch_4 is associated with display ADISPLAY_ID_NONE.
04-03 15:41:51.053   548  4418 W InputReader: Device virtio_input_multi_touch_11 is associated with display ADISPLAY_ID_NONE.
04-03 15:41:51.053   548  4418 W InputReader: Device virtio_input_multi_touch_5 is associated with display ADISPLAY_ID_NONE.
04-03 15:41:51.053   548  4418 W InputReader: Device virtio_input_multi_touch_2 is associated with display ADISPLAY_ID_NONE.
04-03 15:41:51.053   548  4418 W InputReader: Device virtio_input_multi_touch_6 is associated with display ADISPLAY_ID_NONE.
04-03 15:41:51.053   548  4418 W InputReader: Device virtio_input_multi_touch_3 is associated with display ADISPLAY_ID_NONE.
04-03 15:41:51.053   548  4418 W InputReader: Device virtio_input_multi_touch_8 is associated with display ADISPLAY_ID_NONE.
04-03 15:41:51.053   548  4418 W InputReader: Device virtio_input_multi_touch_9 is associated with display ADISPLAY_ID_NONE.
04-03 15:41:51.053   548  4418 W InputReader: Device virtio_input_multi_touch_7 is associated with display ADISPLAY_ID_NONE.
04-03 15:41:51.053   548  4418 W InputReader: Device virtio_input_multi_touch_10 is associated with display ADISPLAY_ID_NONE.
04-03 15:41:51.053   548  4418 W InputReader: Device virtio_input_multi_touch_4 is associated with display ADISPLAY_ID_NONE.
04-03 15:41:51.053   548  4418 W InputReader: Device virtio_input_multi_touch_11 is associated with display ADISPLAY_ID_NONE.
04-03 15:41:51.053   548  4418 W InputReader: Device virtio_input_multi_touch_5 is associated with display ADISPLAY_ID_NONE.
04-03 15:41:51.053   548  4418 W InputReader: Device virtio_input_multi_touch_2 is associated with display ADISPLAY_ID_NONE.
04-03 15:41:51.053   548  4418 W InputReader: Device virtio_input_multi_touch_6 is associated with display ADISPLAY_ID_NONE.
04-03 15:41:51.053   548  4418 W InputReader: Device virtio_input_multi_touch_3 is associated with display ADISPLAY_ID_NONE.
04-03 15:41:51.053   548  4418 W InputReader: Device virtio_input_multi_touch_8 is associated with display ADISPLAY_ID_NONE.
04-03 15:41:51.065 14554 14554 D ApplicationLoaders: Returning zygote-cached class loader: /system/framework/android.test.base.jar
04-03 15:41:51.113   548  4418 I system_server: oneway function results will be dropped but finished with status OK and parcel size 4
04-03 15:41:51.117   305   434 W EmuHWC2 : validate: layer 333 CompositionType 1, fallback
04-03 15:41:51.118   305   434 W EmuHWC2 : No layers, exit, buffer 0xf4700690
04-03 15:41:51.121 14554 14554 D NetworkSecurityConfig: No Network Security Config specified, using platform default
04-03 15:41:51.122 14554 14554 D NetworkSecurityConfig: No Network Security Config specified, using platform default
04-03 15:41:51.124 14554 14554 D SoLoader: init start
04-03 15:41:51.124 14554 14554 D SoLoader: adding system library source: /vendor/lib
04-03 15:41:51.124 14554 14554 D SoLoader: adding system library source: /system/lib
04-03 15:41:51.124 14554 14554 D SoLoader: adding application source: com.facebook.soloader.DirectorySoSource[root = /data/app/~~-eWJEwIV0GDEk0dvfq6vfw==/com.doubleloadrepro-f1h9EFYeIs8UxVp-f2FA4g==/lib/x86 flags = 0]
04-03 15:41:51.125 14554 14554 D SoLoader: adding backup source from : com.facebook.soloader.ApkSoSource[root = /data/user/0/com.doubleloadrepro/lib-main flags = 1]
04-03 15:41:51.125 14554 14554 D SoLoader: Preparing SO source: com.facebook.soloader.DirectorySoSource[root = /system/lib flags = 2]
04-03 15:41:51.125 14554 14554 D SoLoader: Preparing SO source: com.facebook.soloader.DirectorySoSource[root = /vendor/lib flags = 2]
04-03 15:41:51.125 14554 14554 D SoLoader: Preparing SO source: com.facebook.soloader.DirectorySoSource[root = /data/app/~~-eWJEwIV0GDEk0dvfq6vfw==/com.doubleloadrepro-f1h9EFYeIs8UxVp-f2FA4g==/lib/x86 flags = 0]
04-03 15:41:51.125 14554 14554 D SoLoader: Preparing SO source: com.facebook.soloader.ApkSoSource[root = /data/user/0/com.doubleloadrepro/lib-main flags = 1]
04-03 15:41:51.125 14554 14554 V fb-UnpackingSoSource: locked dso store /data/user/0/com.doubleloadrepro/lib-main
04-03 15:41:51.126 14554 14554 I fb-UnpackingSoSource: dso store is up-to-date: /data/user/0/com.doubleloadrepro/lib-main
04-03 15:41:51.126 14554 14554 V fb-UnpackingSoSource: releasing dso store lock for /data/user/0/com.doubleloadrepro/lib-main
04-03 15:41:51.126 14554 14554 D SoLoader: init finish: 4 SO sources prepared
04-03 15:41:51.126 14554 14554 D SoLoader: init exiting
04-03 15:41:51.131 14554 14554 D SoLoader: init exiting
04-03 15:41:51.131 14554 14554 D SoLoader: About to load: libjscexecutor.so
04-03 15:41:51.131 14554 14554 D SoLoader: libjscexecutor.so not found on /data/user/0/com.doubleloadrepro/lib-main
04-03 15:41:51.131 14554 14554 D SoLoader: libjscexecutor.so found on /data/app/~~-eWJEwIV0GDEk0dvfq6vfw==/com.doubleloadrepro-f1h9EFYeIs8UxVp-f2FA4g==/lib/x86
04-03 15:41:51.131 14554 14554 D SoLoader: Not resolving dependencies for libjscexecutor.so
04-03 15:41:51.132 14554 14554 W System.err: java.lang.UnsatisfiedLinkError: dlopen failed: library "libjsc.so" not found: needed by /data/app/~~-eWJEwIV0GDEk0dvfq6vfw==/com.doubleloadrepro-f1h9EFYeIs8UxVp-f2FA4g==/lib/x86/libjscexecutor.so in namespace classloader-namespace
04-03 15:41:51.132 14554 14554 W System.err: 	at java.lang.Runtime.load0(Runtime.java:939)
04-03 15:41:51.132 14554 14554 W System.err: 	at java.lang.System.load(System.java:1628)
04-03 15:41:51.132 14554 14554 W System.err: 	at com.facebook.soloader.SoLoader$1.load(SoLoader.java:405)
04-03 15:41:51.132 14554 14554 W System.err: 	at com.facebook.soloader.DirectorySoSource.loadLibraryFrom(DirectorySoSource.java:77)
04-03 15:41:51.132 14554 14554 W System.err: 	at com.facebook.soloader.DirectorySoSource.loadLibrary(DirectorySoSource.java:50)
04-03 15:41:51.132 14554 14554 W System.err: 	at com.facebook.soloader.ApplicationSoSource.loadLibrary(ApplicationSoSource.java:89)
04-03 15:41:51.132 14554 14554 W System.err: 	at com.facebook.soloader.SoLoader.doLoadLibraryBySoName(SoLoader.java:860)
04-03 15:41:51.132 14554 14554 W System.err: 	at com.facebook.soloader.SoLoader.loadLibraryBySoNameImpl(SoLoader.java:740)
04-03 15:41:51.132 14554 14554 W System.err: 	at com.facebook.soloader.SoLoader.loadLibraryBySoName(SoLoader.java:654)
04-03 15:41:51.132 14554 14554 W System.err: 	at com.facebook.soloader.SoLoader.loadLibrary(SoLoader.java:634)
04-03 15:41:51.133 14554 14554 W System.err: 	at com.facebook.soloader.SoLoader.loadLibrary(SoLoader.java:582)
04-03 15:41:51.133 14554 14554 W System.err: 	at com.facebook.react.ReactInstanceManagerBuilder.getDefaultJSExecutorFactory(ReactInstanceManagerBuilder.java:297)
04-03 15:41:51.133 14554 14554 W System.err: 	at com.facebook.react.ReactInstanceManagerBuilder.build(ReactInstanceManagerBuilder.java:270)
04-03 15:41:51.133 14554 14554 W System.err: 	at com.facebook.react.ReactNativeHost.createReactInstanceManager(ReactNativeHost.java:87)
04-03 15:41:51.133 14554 14554 W System.err: 	at com.facebook.react.ReactNativeHost.getReactInstanceManager(ReactNativeHost.java:39)
04-03 15:41:51.133 14554 14554 W System.err: 	at com.doubleloadrepro.MainApplication.onCreate(MainApplication.java:53)
04-03 15:41:51.133 14554 14554 W System.err: 	at android.app.Instrumentation.callApplicationOnCreate(Instrumentation.java:1192)
04-03 15:41:51.133 14554 14554 W System.err: 	at android.app.ActivityThread.handleBindApplication(ActivityThread.java:6712)
04-03 15:41:51.133 14554 14554 W System.err: 	at android.app.ActivityThread.access$1300(ActivityThread.java:237)
04-03 15:41:51.133 14554 14554 W System.err: 	at android.app.ActivityThread$H.handleMessage(ActivityThread.java:1913)
04-03 15:41:51.133 14554 14554 W System.err: 	at android.os.Handler.dispatchMessage(Handler.java:106)
04-03 15:41:51.133 14554 14554 W System.err: 	at android.os.Looper.loop(Looper.java:223)
04-03 15:41:51.133 14554 14554 W System.err: 	at android.app.ActivityThread.main(ActivityThread.java:7656)
04-03 15:41:51.133   305   434 W EmuHWC2 : validate: layer 333 CompositionType 1, fallback
04-03 15:41:51.133 14554 14554 W System.err: 	at java.lang.reflect.Method.invoke(Native Method)
04-03 15:41:51.133 14554 14554 W System.err: 	at com.android.internal.os.RuntimeInit$MethodAndArgsCaller.run(RuntimeInit.java:592)
04-03 15:41:51.133 14554 14554 W System.err: 	at com.android.internal.os.ZygoteInit.main(ZygoteInit.java:947)
04-03 15:41:51.133 14554 14554 E SoLoader: couldn't find DSO to load: libjscexecutor.so caused by: dlopen failed: library "libjsc.so" not found: needed by /data/app/~~-eWJEwIV0GDEk0dvfq6vfw==/com.doubleloadrepro-f1h9EFYeIs8UxVp-f2FA4g==/lib/x86/libjscexecutor.so in namespace classloader-namespace result: 0
04-03 15:41:51.134   305   434 W EmuHWC2 : No layers, exit, buffer 0xf4701b90
04-03 15:41:51.135 14554 14554 D SoLoader: init exiting
04-03 15:41:51.144 14554 14554 W doubleloadrepr: Accessing hidden method Ldalvik/system/CloseGuard;->get()Ldalvik/system/CloseGuard; (greylist,core-platform-api, reflection, allowed)
04-03 15:41:51.144 14554 14554 W doubleloadrepr: Accessing hidden method Ldalvik/system/CloseGuard;->open(Ljava/lang/String;)V (greylist,core-platform-api, reflection, allowed)
04-03 15:41:51.144 14554 14554 W doubleloadrepr: Accessing hidden method Ldalvik/system/CloseGuard;->warnIfOpen()V (greylist,core-platform-api, reflection, allowed)
04-03 15:41:51.150   305   434 W EmuHWC2 : validate: layer 333 CompositionType 1, fallback
04-03 15:41:51.151   305   434 W EmuHWC2 : No layers, exit, buffer 0xf4700690
04-03 15:41:51.154 14554 14580 D SoLoader: About to load: libfbjni.so
04-03 15:41:51.154 14554 14580 D SoLoader: libfbjni.so not found on /data/user/0/com.doubleloadrepro/lib-main
04-03 15:41:51.154 14554 14580 D SoLoader: libfbjni.so found on /data/app/~~-eWJEwIV0GDEk0dvfq6vfw==/com.doubleloadrepro-f1h9EFYeIs8UxVp-f2FA4g==/lib/x86
04-03 15:41:51.154 14554 14580 D SoLoader: Not resolving dependencies for libfbjni.so
04-03 15:41:51.155 14554 14580 D SoLoader: Loaded: libfbjni.so
04-03 15:41:51.155 14554 14580 D SoLoader: About to load: libflipper.so
04-03 15:41:51.155 14554 14580 D SoLoader: libflipper.so not found on /data/user/0/com.doubleloadrepro/lib-main
04-03 15:41:51.155 14554 14580 D SoLoader: libflipper.so found on /data/app/~~-eWJEwIV0GDEk0dvfq6vfw==/com.doubleloadrepro-f1h9EFYeIs8UxVp-f2FA4g==/lib/x86
04-03 15:41:51.155 14554 14580 D SoLoader: Not resolving dependencies for libflipper.so
04-03 15:41:51.160 14554 14580 D SoLoader: Loaded: libflipper.so
04-03 15:41:51.166   305   434 W EmuHWC2 : validate: layer 333 CompositionType 1, fallback
04-03 15:41:51.167   305   434 W EmuHWC2 : No layers, exit, buffer 0xf4701b90
04-03 15:41:51.183   305   434 W EmuHWC2 : validate: layer 333 CompositionType 1, fallback
04-03 15:41:51.184   305   434 W EmuHWC2 : No layers, exit, buffer 0xf4700690
04-03 15:41:51.189 14554 14554 W doubleloadrepr: Accessing hidden field Landroid/view/View;->mKeyedTags:Landroid/util/SparseArray; (greylist, reflection, allowed)
04-03 15:41:51.189 14554 14554 W doubleloadrepr: Accessing hidden field Landroid/view/View;->mListenerInfo:Landroid/view/View$ListenerInfo; (greylist, reflection, allowed)
